IQ-TREE version 3.0.1 for Linux x86 64-bit built May  5 2025
Developed by Bui Quang Minh, Thomas Wong, Nhan Ly-Trong, Huaiyan Ren
Contributed by Lam-Tung Nguyen, Dominik Schrempf, Chris Bielow,
Olga Chernomor, Michael Woodhams, Diep Thi Hoang, Heiko Schmidt

Host:    node-c03.lisc (AVX512, FMA3, 754 GB RAM)
Command: /lisc/opt/sw/software/IQ-TREE/3.0.1/bin/iqtree3_intel -s /lisc/data/scratch/molevo/peyroche/clytia_ortho_search/results/trimmed/GSC_.trim.fasta -m MFP -B 1000 -T AUTO --prefix /lisc/data/scratch/molevo/peyroche/clytia_ortho_search/results/trees/GSC_ -redo
Seed:    341363 (Using SPRNG - Scalable Parallel Random Number Generator)
Time:    Mon Jun 29 15:25:27 2026
Kernel:  AVX+FMA - auto-detect threads (2 CPU cores detected)

Reading alignment file /lisc/data/scratch/molevo/peyroche/clytia_ortho_search/results/trimmed/GSC_.trim.fasta ... Fasta format detected
Reading fasta file: done in 0.00013196 secs using 42.44% CPU
Alignment most likely contains protein sequences
Constructing alignment: done in 0.00016502 secs using 43.03% CPU
Alignment has 41 sequences with 84 columns, 75 distinct patterns
57 parsimony-informative, 4 singleton sites, 23 constant sites
                                 Gap/Ambiguity  Composition  p-value
Analyzing sequences: done in 2.189e-05 secs using 2069% CPU
   1  jgi_Casxa1_22561                   0.00%    passed     99.94%
   2  jgi_Casxa1_784                    13.10%    passed     97.38%
   3  jgi_Casxa1_816                     5.95%    passed     96.75%
   4  Chem_XLOC_004378                   0.00%    passed     62.60%
   5  Chem_XLOC_010754                   0.00%    passed     77.16%
   6  Chem_XLOC_030117                  19.05%    passed     98.61%
   7  Exada_XP_020907624.1               0.00%    passed     92.84%
   8  Exada_XP_020908445.1               2.38%    passed     93.59%
   9  HVAEP1.G001197                     0.00%    passed     97.23%
  10  HVAEP9.G016398                    11.90%    passed     88.17%
  11  HydsyXP_057315161.1                0.00%    passed     99.98%
  12  scaffold17.g735                    4.76%    passed     65.15%
  13  scaffold1.g1091                   19.05%    passed     80.87%
  14  scaffold1.g211                    15.48%    passed     98.41%
  15  scaffold4.g717                     0.00%    passed     79.90%
  16  gene_25984                         0.00%    passed     99.72%
  17  NV2.2916.1                         0.00%    passed     73.76%
  18  NV2.21183.1                        0.00%    passed     92.30%
  19  MSTRG.11646                        0.00%    passed     99.84%
  20  Rhoes_XP_065051981.1               0.00%    passed     99.72%
  21  Rhoes_XP_065055624.1               0.00%    passed     82.14%
  22  Rhoes_XP_065058127.1               7.14%    passed     86.29%
  23  Rhoes_XP_065059424.1               5.95%    passed     98.85%
  24  Sanma_ENSXQXP00000007152          13.10%    passed     95.99%
  25  Sanma_ENSXQXP00000010277           5.95%    passed     97.94%
  26  Sanma_ENSXQXP00000024942           0.00%    passed     99.66%
  27  Stypi_XP_022791645.1               0.00%    passed     92.32%
  28  Stypi_XP_022796171.1               0.00%    passed     95.19%
  29  Stypi_XP_022800137.1               0.00%    passed     91.73%
  30  ENA_GHAQ01003789_GHAQ01003789.1    5.95%    passed     98.05%
  31  ENA_GHAQ01058479_GHAQ01058479.1    0.00%    passed     99.79%
  32  ENA_GHAQ01058480_GHAQ01058480.1   13.10%    passed     99.70%
  33  ENA_GHAQ01058481_GHAQ01058481.1   13.10%    passed     99.70%
  34  ENA_GHAQ01058482_GHAQ01058482.1   13.10%    passed     99.70%
  35  ENA_GHAQ01069290_GHAQ01069290.1    3.57%    passed     99.88%
  36  ENA_GHAQ01069291_GHAQ01069291.1   13.10%    passed     98.52%
  37  ENA_GHAQ01077554_GHAQ01077554.1    0.00%    passed     66.80%
  38  ENA_GHAQ01077557_GHAQ01077557.1    0.00%    passed     66.80%
  39  ENA_GHAQ01077558_GHAQ01077558.1    0.00%    passed     66.80%
  40  ENA_GHAQ01077559_GHAQ01077559.1    0.00%    passed     66.80%
  41  ENA_GHAQ01077562_GHAQ01077562.1    0.00%    passed     66.80%
****  TOTAL                              4.53%  0 sequences failed composition chi2 test (p-value<5%; df=19)
NOTE: Rhoes_XP_065051981.1 is identical to gene_25984 but kept for subsequent analysis
NOTE: ENA_GHAQ01058481_GHAQ01058481.1 is identical to ENA_GHAQ01058480_GHAQ01058480.1 but kept for subsequent analysis
NOTE: ENA_GHAQ01077557_GHAQ01077557.1 is identical to ENA_GHAQ01077554_GHAQ01077554.1 but kept for subsequent analysis
Checking for duplicate sequences: done in 0.000151993 secs using 616.5% CPU
Identifying sites to remove: done in 7.293e-05 secs using 57.59% CPU
NOTE: 4 identical sequences (see below) will be ignored for subsequent analysis
NOTE: ENA_GHAQ01058482_GHAQ01058482.1 (identical to ENA_GHAQ01058480_GHAQ01058480.1) is ignored but added at the end
NOTE: ENA_GHAQ01077558_GHAQ01077558.1 (identical to ENA_GHAQ01077554_GHAQ01077554.1) is ignored but added at the end
NOTE: ENA_GHAQ01077559_GHAQ01077559.1 (identical to ENA_GHAQ01077554_GHAQ01077554.1) is ignored but added at the end
NOTE: ENA_GHAQ01077562_GHAQ01077562.1 (identical to ENA_GHAQ01077554_GHAQ01077554.1) is ignored but added at the end
Alignment was printed to /lisc/data/scratch/molevo/peyroche/clytia_ortho_search/results/trees/GSC_.uniqueseq.phy

For your convenience alignment with unique sequences printed to /lisc/data/scratch/molevo/peyroche/clytia_ortho_search/results/trees/GSC_.uniqueseq.phy


Create initial parsimony tree by phylogenetic likelihood library (PLL)... 0.003 seconds
Measuring multi-threading efficiency up to 2 CPU cores
Increase to 10 rounds for branch lengths
23 trees examined
Threads: 1 / Time: 2.078 sec / Speedup: 1.000 / Efficiency: 100% / LogL: -3527
Threads: 2 / Time: 1.965 sec / Speedup: 1.057 / Efficiency: 53% / LogL: -3527
Determining AUTO threadcount: done in 4.04422 secs using 146% CPU
BEST NUMBER OF THREADS: 2

Perform fast likelihood tree search using LG+I+G model...
Estimate model parameters (epsilon = 5.000)
Perform nearest neighbor interchange...
Optimizing NNI: done in 0.185351 secs using 195.8% CPU
Estimate model parameters (epsilon = 1.000)
1. Initial log-likelihood: -2207.988
Optimal log-likelihood: -2207.886
Proportion of invariable sites: 0.109
Gamma shape alpha: 0.452
Parameters optimization took 1 rounds (0.067 sec)
Time for fast ML tree search: 0.401 seconds

NOTE: ModelFinder requires 5 MB RAM!
ModelFinder will test up to 1232 protein models (sample size: 84 epsilon: 0.100) ...
 No. Model         -LnL         df  AIC          AICc         BIC
  1  LG            2429.009     71  5000.018     5852.018     5172.606
  2  LG+I          2317.655     72  4779.310     5734.947     4954.329
  3  LG+G4         2207.841     72  4559.681     5515.318     4734.700
  4  LG+I+G4       2207.781     73  4561.563     5641.963     4739.012
  5  LG+R2         2252.181     73  4650.363     5730.763     4827.812
  6  LG+R3         2208.641     75  4567.282     5992.282     4749.593
  7  LG+R4         2206.877     77  4567.753     6569.753     4754.926
 14  LG+I+R2       2227.088     74  4602.176     5835.509     4782.056
 15  LG+I+R3       2205.981     76  4563.963     6235.963     4748.705
 16  LG+I+R4       2205.685     78  4567.369     7032.169     4756.973
 25  LG+F+G4       2251.032     91  4684.065     21428.065    4905.269
 26  LG+F+I+G4     2251.116     92  4686.232     21798.232    4909.868
 47  WAG+G4        2225.126     72  4594.252     5549.889     4769.271
 48  WAG+I+G4      2224.668     73  4595.337     5675.737     4772.786
 69  WAG+F+G4      2266.038     91  4714.075     21458.075    4935.280
 70  WAG+F+I+G4    2265.822     92  4715.644     21827.644    4939.279
 91  JTT+G4        2217.672     72  4579.344     5534.980     4754.363
 92  JTT+I+G4      2217.158     73  4580.315     5660.715     4757.765
113  JTT+F+G4      2254.277     91  4690.553     21434.553    4911.757
114  JTT+F+I+G4    2253.727     92  4691.455     21803.455    4915.090
135  Q.PFAM+G4     2211.784     72  4567.568     5523.204     4742.586
136  Q.PFAM+I+G4   2211.461     73  4568.923     5649.323     4746.372
157  Q.PFAM+F+G4   2248.507     91  4679.015     21423.015    4900.219
158  Q.PFAM+F+I+G4 2248.317     92  4680.635     21792.635    4904.270
179  Q.BIRD+G4     2241.045     72  4626.090     5581.727     4801.109
180  Q.BIRD+I+G4   2240.699     73  4627.398     5707.798     4804.847
201  Q.BIRD+F+G4   2286.036     91  4754.071     21498.071    4975.275
202  Q.BIRD+F+I+G4 2283.892     92  4751.783     21863.783    4975.418
223  Q.MAMMAL+G4   2228.288     72  4600.576     5556.212     4775.595
224  Q.MAMMAL+I+G4 2228.073     73  4602.146     5682.546     4779.596
245  Q.MAMMAL+F+G4 2269.073     91  4720.146     21464.146    4941.351
246  Q.MAMMAL+F+I+G4 2267.699     92  4719.397     21831.397    4943.032
267  Q.INSECT+G4   2196.039     72  4536.079     5491.715     4711.098
268  Q.INSECT+I+G4 2195.425     73  4536.851     5617.251     4714.300
289  Q.INSECT+F+G4 2234.597     91  4651.193     21395.193    4872.398
290  Q.INSECT+F+I+G4 2233.308     92  4650.616     21762.616    4874.251
311  Q.PLANT+G4    2212.412     72  4568.824     5524.461     4743.843
312  Q.PLANT+I+G4  2212.179     73  4570.359     5650.759     4747.808
333  Q.PLANT+F+G4  2257.479     91  4696.959     21440.959    4918.163
334  Q.PLANT+F+I+G4 2256.591     92  4697.182     21809.182    4920.817
355  Q.YEAST+G4    2195.058     72  4534.116     5489.753     4709.135
356  Q.YEAST+I+G4  2194.649     73  4535.299     5615.699     4712.748
377  Q.YEAST+F+G4  2237.986     91  4657.972     21401.972    4879.177
378  Q.YEAST+F+I+G4 2236.905     92  4657.810     21769.810    4881.445
399  JTTDCMUT+G4   2218.186     72  4580.372     5536.008     4755.391
400  JTTDCMUT+I+G4 2218.000     73  4581.999     5662.399     4759.449
421  JTTDCMUT+F+G4 2255.026     91  4692.053     21436.053    4913.257
422  JTTDCMUT+F+I+G4 2254.246     92  4692.491     21804.491    4916.126
443  DCMUT+G4      2234.805     72  4613.610     5569.247     4788.629
444  DCMUT+I+G4    2234.332     73  4614.664     5695.064     4792.114
465  DCMUT+F+G4    2257.427     91  4696.853     21440.853    4918.058
466  DCMUT+F+I+G4  2257.889     92  4699.778     21811.778    4923.413
487  VT+G4         2223.393     72  4590.786     5546.423     4765.805
488  VT+I+G4       2222.761     73  4591.523     5671.923     4768.973
509  VT+F+G4       2265.942     91  4713.884     21457.884    4935.088
510  VT+F+I+G4     2265.067     92  4714.135     21826.135    4937.770
531  PMB+G4        2250.227     72  4644.453     5600.090     4819.472
532  PMB+I+G4      2249.217     73  4644.433     5724.833     4821.883
553  PMB+F+G4      2285.025     91  4752.050     21496.050    4973.254
554  PMB+F+I+G4    2284.776     92  4753.552     21865.552    4977.187
575  BLOSUM62+G4   2246.572     72  4637.145     5592.781     4812.163
576  BLOSUM62+I+G4 2245.650     73  4637.300     5717.700     4814.750
597  BLOSUM62+F+G4 2284.016     91  4750.032     21494.032    4971.237
598  BLOSUM62+F+I+G4 2283.199     92  4750.399     21862.399    4974.034
619  DAYHOFF+G4    2234.668     72  4613.337     5568.973     4788.356
620  DAYHOFF+I+G4  2234.217     73  4614.433     5694.833     4791.883
641  DAYHOFF+F+G4  2257.338     91  4696.676     21440.676    4917.880
642  DAYHOFF+F+I+G4 2257.867     92  4699.733     21811.733    4923.368
663  MTREV+G4      2331.443     72  4806.886     5762.523     4981.905
664  MTREV+I+G4    2331.158     73  4808.317     5888.717     4985.767
685  MTREV+F+G4    2263.167     91  4708.335     21452.335    4929.539
686  MTREV+F+I+G4  2263.522     92  4711.043     21823.043    4934.679
707  MTART+G4      2344.363     72  4832.726     5788.363     5007.745
708  MTART+I+G4    2343.632     73  4833.265     5913.665     5010.714
729  MTART+F+G4    2259.299     91  4700.599     21444.599    4921.803
730  MTART+F+I+G4  2259.628     92  4703.256     21815.256    4926.891
751  MTZOA+G4      2304.871     72  4753.741     5709.377     4928.760
752  MTZOA+I+G4    2304.147     73  4754.294     5834.694     4931.744
773  MTZOA+F+G4    2242.875     91  4667.750     21411.750    4888.955
774  MTZOA+F+I+G4  2243.115     92  4670.230     21782.230    4893.865
795  MTMET+G4      2312.709     72  4769.417     5725.054     4944.436
796  MTMET+I+G4    2311.019     73  4768.039     5848.439     4945.488
817  MTMET+F+G4    2249.461     91  4680.922     21424.922    4902.126
818  MTMET+F+I+G4  2249.734     92  4683.469     21795.469    4907.104
839  MTVER+G4      2343.368     72  4830.736     5786.373     5005.755
840  MTVER+I+G4    2339.868     73  4825.735     5906.135     5003.185
861  MTVER+F+G4    2279.547     91  4741.094     21485.094    4962.298
862  MTVER+F+I+G4  2279.814     92  4743.628     21855.628    4967.263
883  MTINV+G4      2328.582     72  4801.164     5756.800     4976.183
884  MTINV+I+G4    2327.735     73  4801.469     5881.869     4978.919
905  MTINV+F+G4    2244.658     91  4671.315     21415.315    4892.519
906  MTINV+F+I+G4  2244.827     92  4673.653     21785.653    4897.289
927  MTMAM+G4      2354.991     72  4853.982     5809.618     5029.001
928  MTMAM+I+G4    2352.411     73  4850.822     5931.222     5028.272
949  MTMAM+F+G4    2288.849     91  4759.698     21503.698    4980.902
950  MTMAM+F+I+G4  2289.210     92  4762.420     21874.420    4986.055
971  FLAVI+G4      2280.552     72  4705.104     5660.740     4880.123
972  FLAVI+I+G4    2280.490     73  4706.979     5787.379     4884.429
993  FLAVI+F+G4    2313.651     91  4809.301     21553.301    5030.506
994  FLAVI+F+I+G4  2313.224     92  4810.447     21922.447    5034.083
1015  HIVB+G4       2245.821     72  4635.642     5591.278     4810.660
1016  HIVB+I+G4     2245.232     73  4636.464     5716.864     4813.913
1037  HIVB+F+G4     2283.183     91  4748.366     21492.366    4969.570
1038  HIVB+F+I+G4   2282.221     92  4748.442     21860.442    4972.077
1059  HIVW+G4       2309.766     72  4763.532     5719.169     4938.551
1060  HIVW+I+G4     2309.746     73  4765.492     5845.892     4942.941
1081  HIVW+F+G4     2329.116     91  4840.233     21584.233    5061.437
1082  HIVW+F+I+G4   2328.535     92  4841.070     21953.070    5064.705
1103  FLU+G4        2237.584     72  4619.168     5574.804     4794.187
1104  FLU+I+G4      2237.424     73  4620.848     5701.248     4798.298
1125  FLU+F+G4      2294.320     91  4770.641     21514.641    4991.845
1126  FLU+F+I+G4    2293.166     92  4770.331     21882.331    4993.966
1147  RTREV+G4      2222.987     72  4589.973     5545.610     4764.992
1148  RTREV+I+G4    2222.793     73  4591.586     5671.986     4769.036
1169  RTREV+F+G4    2253.390     91  4688.780     21432.780    4909.985
1170  RTREV+F+I+G4  2253.463     92  4690.926     21802.926    4914.562
1191  CPREV+G4      2233.801     72  4611.603     5567.239     4786.621
1192  CPREV+I+G4    2233.135     73  4612.270     5692.670     4789.719
1213  CPREV+F+G4    2278.497     91  4738.993     21482.993    4960.197
1214  CPREV+F+I+G4  2277.336     92  4738.671     21850.671    4962.306
Akaike Information Criterion:           Q.YEAST+G4
Corrected Akaike Information Criterion: Q.YEAST+G4
Bayesian Information Criterion:         Q.YEAST+G4
Best-fit model: Q.YEAST+G4 chosen according to BIC

All model information printed to /lisc/data/scratch/molevo/peyroche/clytia_ortho_search/results/trees/GSC_.model.gz
CPU time for ModelFinder: 41.418 seconds (0h:0m:41s)
Wall-clock time for ModelFinder: 21.989 seconds (0h:0m:21s)
Generating 1000 samples for ultrafast bootstrap (seed: 341363)...

NOTE: 2 MB RAM (0 GB) is required!
Estimate model parameters (epsilon = 0.100)
1. Initial log-likelihood: -2198.922
2. Current log-likelihood: -2195.142
Optimal log-likelihood: -2195.061
Gamma shape alpha: 0.354
Parameters optimization took 2 rounds (0.100 sec)
Wrote distance file to... 
Computing ML distances based on estimated model parameters...
Calculating distance matrix: done in 0.170399 secs using 199.6% CPU
Computing ML distances took 0.170468 sec (of wall-clock time) 0.340251 sec (of CPU time)
Setting up auxiliary I and S matrices: done in 0.000122761 secs using 151.5% CPU
Constructing RapidNJ tree: done in 0.000434334 secs using 33.38% CPU
Computing RapidNJ tree took 0.000621 sec (of wall-clock time) 0.000379 sec (of CPU time)
Log-likelihood of RapidNJ tree: -2226.203
--------------------------------------------------------------------
|             INITIALIZING CANDIDATE TREE SET                      |
--------------------------------------------------------------------
Generating 98 parsimony trees... 0.283 second
Computing log-likelihood of 98 initial trees ... 1.126 seconds
Current best score: -2195.061

Do NNI search on 20 best initial trees
Optimizing NNI: done in 0.092999 secs using 197.9% CPU
Estimate model parameters (epsilon = 0.100)
BETTER TREE FOUND at iteration 1: -2195.056
Optimizing NNI: done in 0.27438 secs using 194.5% CPU
Optimizing NNI: done in 0.285598 secs using 194.9% CPU
Optimizing NNI: done in 0.222295 secs using 196.6% CPU
Optimizing NNI: done in 0.213291 secs using 197.4% CPU
Optimizing NNI: done in 0.212388 secs using 195.6% CPU
Estimate model parameters (epsilon = 0.100)
BETTER TREE FOUND at iteration 6: -2194.299
Optimizing NNI: done in 0.270717 secs using 196.9% CPU
Optimizing NNI: done in 0.258915 secs using 196.3% CPU
Optimizing NNI: done in 0.286178 secs using 194.4% CPU
Optimizing NNI: done in 0.22685 secs using 195.5% CPU
Iteration 10 / LogL: -2195.488 / Time: 0h:0m:26s
Optimizing NNI: done in 0.272982 secs using 195.3% CPU
Optimizing NNI: done in 0.289409 secs using 196.4% CPU
Optimizing NNI: done in 0.264979 secs using 195.2% CPU
Optimizing NNI: done in 0.256989 secs using 193.2% CPU
Estimate model parameters (epsilon = 0.100)
BETTER TREE FOUND at iteration 14: -2193.954
Optimizing NNI: done in 0.220726 secs using 197.3% CPU
Estimate model parameters (epsilon = 0.100)
BETTER TREE FOUND at iteration 15: -2192.768
Optimizing NNI: done in 0.246204 secs using 195.2% CPU
Optimizing NNI: done in 0.244005 secs using 195.7% CPU
Optimizing NNI: done in 0.232799 secs using 195.2% CPU
Optimizing NNI: done in 0.264192 secs using 193.6% CPU
Optimizing NNI: done in 0.234465 secs using 195.3% CPU
Iteration 20 / LogL: -2195.080 / Time: 0h:0m:28s
Finish initializing candidate tree set (11)
Current best tree score: -2192.768 / CPU time: 6.476
Number of iterations: 20
--------------------------------------------------------------------
|               OPTIMIZING CANDIDATE TREE SET                      |
--------------------------------------------------------------------
Optimizing NNI: done in 0.241608 secs using 194.6% CPU
Optimizing NNI: done in 0.321576 secs using 194.9% CPU
Estimate model parameters (epsilon = 0.100)
BETTER TREE FOUND at iteration 22: -2192.738
Optimizing NNI: done in 0.328958 secs using 195.2% CPU
Optimizing NNI: done in 0.25486 secs using 196% CPU
Optimizing NNI: done in 0.363609 secs using 196.7% CPU
Optimizing NNI: done in 0.287283 secs using 194.5% CPU
Optimizing NNI: done in 0.378159 secs using 196.4% CPU
Optimizing NNI: done in 0.315946 secs using 194.7% CPU
Optimizing NNI: done in 0.289311 secs using 196.2% CPU
Optimizing NNI: done in 0.388749 secs using 195.8% CPU
Iteration 30 / LogL: -2192.767 / Time: 0h:0m:32s (0h:0m:32s left)
Optimizing NNI: done in 0.286936 secs using 197.7% CPU
Optimizing NNI: done in 0.264134 secs using 194.5% CPU
Optimizing NNI: done in 0.297259 secs using 194.6% CPU
Optimizing NNI: done in 0.406851 secs using 196.2% CPU
Optimizing NNI: done in 0.379041 secs using 196.2% CPU
Optimizing NNI: done in 0.388822 secs using 195.5% CPU
Optimizing NNI: done in 0.427856 secs using 195.9% CPU
Optimizing NNI: done in 0.331757 secs using 193.5% CPU
Optimizing NNI: done in 0.313157 secs using 194.3% CPU
Optimizing NNI: done in 0.259597 secs using 194.2% CPU
Iteration 40 / LogL: -2192.767 / Time: 0h:0m:35s (0h:0m:28s left)
Optimizing NNI: done in 0.36758 secs using 196.7% CPU
Optimizing NNI: done in 0.365662 secs using 193.7% CPU
Optimizing NNI: done in 0.339737 secs using 193.9% CPU
Optimizing NNI: done in 0.317164 secs using 196.2% CPU
Optimizing NNI: done in 0.369586 secs using 195.7% CPU
Optimizing NNI: done in 0.389692 secs using 197.4% CPU
Optimizing NNI: done in 0.310582 secs using 195.4% CPU
Optimizing NNI: done in 0.254424 secs using 193.8% CPU
Optimizing NNI: done in 0.334359 secs using 195.1% CPU
UPDATE BEST LOG-LIKELIHOOD: -2192.738
Optimizing NNI: done in 0.304924 secs using 195.2% CPU
Iteration 50 / LogL: -2192.738 / Time: 0h:0m:38s (0h:0m:24s left)
Log-likelihood cutoff on original alignment: -2220.788
Optimizing NNI: done in 0.281057 secs using 195.9% CPU
Optimizing NNI: done in 0.275489 secs using 196.7% CPU
Optimizing NNI: done in 0.311012 secs using 195.5% CPU
Optimizing NNI: done in 0.218475 secs using 197.5% CPU
Optimizing NNI: done in 0.299508 secs using 193.3% CPU
Optimizing NNI: done in 0.371494 secs using 195.7% CPU
Optimizing NNI: done in 0.309323 secs using 195.4% CPU
Optimizing NNI: done in 0.28921 secs using 197.9% CPU
Optimizing NNI: done in 0.394584 secs using 193.1% CPU
Optimizing NNI: done in 0.421644 secs using 196.8% CPU
Iteration 60 / LogL: -2193.052 / Time: 0h:0m:42s (0h:0m:21s left)
Optimizing NNI: done in 0.391289 secs using 196.2% CPU
Optimizing NNI: done in 0.261483 secs using 195.5% CPU
Optimizing NNI: done in 0.395575 secs using 196.9% CPU
Optimizing NNI: done in 0.209657 secs using 196.4% CPU
Optimizing NNI: done in 0.348201 secs using 194.4% CPU
Optimizing NNI: done in 0.341444 secs using 196.3% CPU
Optimizing NNI: done in 0.488435 secs using 196.1% CPU
Optimizing NNI: done in 0.257972 secs using 196% CPU
Optimizing NNI: done in 0.308777 secs using 195.6% CPU
Optimizing NNI: done in 0.2361 secs using 195.7% CPU
Iteration 70 / LogL: -2193.491 / Time: 0h:0m:45s (0h:0m:17s left)
Optimizing NNI: done in 0.343891 secs using 194.8% CPU
Optimizing NNI: done in 0.30194 secs using 195.8% CPU
Optimizing NNI: done in 0.319389 secs using 197.7% CPU
Optimizing NNI: done in 0.24481 secs using 196.3% CPU
Optimizing NNI: done in 0.304811 secs using 196.9% CPU
Optimizing NNI: done in 0.358862 secs using 195.5% CPU
Optimizing NNI: done in 0.419856 secs using 196% CPU
Optimizing NNI: done in 0.335321 secs using 195.1% CPU
Optimizing NNI: done in 0.262911 secs using 195% CPU
Optimizing NNI: done in 0.330209 secs using 194.5% CPU
Iteration 80 / LogL: -2192.738 / Time: 0h:0m:48s (0h:0m:14s left)
Optimizing NNI: done in 0.398482 secs using 194.5% CPU
Optimizing NNI: done in 0.246107 secs using 196.2% CPU
Optimizing NNI: done in 0.266 secs using 193.9% CPU
Optimizing NNI: done in 0.253774 secs using 196.1% CPU
Optimizing NNI: done in 0.245794 secs using 195.9% CPU
Optimizing NNI: done in 0.228716 secs using 192.2% CPU
Optimizing NNI: done in 0.335495 secs using 195.1% CPU
Optimizing NNI: done in 0.293596 secs using 196.9% CPU
Optimizing NNI: done in 0.338224 secs using 195.2% CPU
Optimizing NNI: done in 0.305365 secs using 196.7% CPU
Iteration 90 / LogL: -2193.394 / Time: 0h:0m:51s (0h:0m:10s left)
Optimizing NNI: done in 0.252696 secs using 196.1% CPU
Optimizing NNI: done in 0.378569 secs using 196% CPU
Optimizing NNI: done in 0.250616 secs using 196.5% CPU
Optimizing NNI: done in 0.266902 secs using 195.3% CPU
Optimizing NNI: done in 0.246213 secs using 193.7% CPU
Optimizing NNI: done in 0.340675 secs using 196.8% CPU
Optimizing NNI: done in 0.370705 secs using 194.6% CPU
Optimizing NNI: done in 0.282441 secs using 196.5% CPU
Optimizing NNI: done in 0.393215 secs using 195.7% CPU
Optimizing NNI: done in 0.307965 secs using 196.5% CPU
Iteration 100 / LogL: -2194.731 / Time: 0h:0m:55s (0h:0m:7s left)
Log-likelihood cutoff on original alignment: -2220.788
NOTE: Bootstrap correlation coefficient of split occurrence frequencies: 0.998
Optimizing NNI: done in 0.345167 secs using 194.1% CPU
Optimizing NNI: done in 0.345465 secs using 194.9% CPU
Optimizing NNI: done in 0.28123 secs using 195.5% CPU
Optimizing NNI: done in 0.316493 secs using 196.7% CPU
Optimizing NNI: done in 0.319664 secs using 195.5% CPU
Optimizing NNI: done in 0.251852 secs using 194.4% CPU
Optimizing NNI: done in 0.280945 secs using 194.9% CPU
Optimizing NNI: done in 0.453014 secs using 194% CPU
Optimizing NNI: done in 0.308801 secs using 193.9% CPU
Optimizing NNI: done in 0.310367 secs using 196.1% CPU
Iteration 110 / LogL: -2192.738 / Time: 0h:0m:58s (0h:0m:30s left)
Optimizing NNI: done in 0.449935 secs using 196% CPU
Optimizing NNI: done in 0.366382 secs using 197.4% CPU
Optimizing NNI: done in 0.301522 secs using 197.9% CPU
Optimizing NNI: done in 0.290632 secs using 195.1% CPU
Optimizing NNI: done in 0.272184 secs using 195% CPU
Optimizing NNI: done in 0.276214 secs using 194.3% CPU
Optimizing NNI: done in 0.228695 secs using 194.9% CPU
Optimizing NNI: done in 0.343482 secs using 195.8% CPU
Optimizing NNI: done in 0.282672 secs using 197.1% CPU
Optimizing NNI: done in 0.27521 secs using 197.2% CPU
Iteration 120 / LogL: -2193.165 / Time: 0h:1m:1s (0h:0m:26s left)
Optimizing NNI: done in 0.40933 secs using 194.9% CPU
Optimizing NNI: done in 0.277241 secs using 194% CPU
Optimizing NNI: done in 0.401049 secs using 195.6% CPU
TREE SEARCH COMPLETED AFTER 123 ITERATIONS / Time: 0h:1m:2s

--------------------------------------------------------------------
|                    FINALIZING TREE SEARCH                        |
--------------------------------------------------------------------
Performs final model parameters optimization
Estimate model parameters (epsilon = 0.010)
1. Initial log-likelihood: -2192.738
Optimal log-likelihood: -2192.738
Gamma shape alpha: 0.346
Parameters optimization took 1 rounds (0.033 sec)
BEST SCORE FOUND : -2192.738
Creating bootstrap support values...
Split supports printed to NEXUS file /lisc/data/scratch/molevo/peyroche/clytia_ortho_search/results/trees/GSC_.splits.nex
Total tree length: 16.144

Total number of iterations: 123
CPU time used for tree search: 78.539 sec (0h:1m:18s)
Wall-clock time used for tree search: 40.379 sec (0h:0m:40s)
Total CPU time used: 120.829 sec (0h:2m:0s)
Total wall-clock time used: 62.845 sec (0h:1m:2s)

Computing bootstrap consensus tree...
Reading input file /lisc/data/scratch/molevo/peyroche/clytia_ortho_search/results/trees/GSC_.splits.nex...
37 taxa and 302 splits.
Consensus tree written to /lisc/data/scratch/molevo/peyroche/clytia_ortho_search/results/trees/GSC_.contree
Reading input trees file /lisc/data/scratch/molevo/peyroche/clytia_ortho_search/results/trees/GSC_.contree
Log-likelihood of consensus tree: -2192.739

Analysis results written to: 
  IQ-TREE report:                /lisc/data/scratch/molevo/peyroche/clytia_ortho_search/results/trees/GSC_.iqtree
  Maximum-likelihood tree:       /lisc/data/scratch/molevo/peyroche/clytia_ortho_search/results/trees/GSC_.treefile
  Likelihood distances:          /lisc/data/scratch/molevo/peyroche/clytia_ortho_search/results/trees/GSC_.mldist

Ultrafast bootstrap approximation results written to:
  Split support values:          /lisc/data/scratch/molevo/peyroche/clytia_ortho_search/results/trees/GSC_.splits.nex
  Consensus tree:                /lisc/data/scratch/molevo/peyroche/clytia_ortho_search/results/trees/GSC_.contree
  Screen log file:               /lisc/data/scratch/molevo/peyroche/clytia_ortho_search/results/trees/GSC_.log

Date and Time: Mon Jun 29 15:26:30 2026
