IQ-TREE version 3.0.1 for Linux x86 64-bit built May  5 2025
Developed by Bui Quang Minh, Thomas Wong, Nhan Ly-Trong, Huaiyan Ren
Contributed by Lam-Tung Nguyen, Dominik Schrempf, Chris Bielow,
Olga Chernomor, Michael Woodhams, Diep Thi Hoang, Heiko Schmidt

Host:    node-c03.lisc (AVX512, FMA3, 754 GB RAM)
Command: /lisc/opt/sw/software/IQ-TREE/3.0.1/bin/iqtree3_intel -s /lisc/data/scratch/molevo/peyroche/clytia_ortho_search/results/trimmed/PITX_.trim.fasta -m MFP -B 1000 -T AUTO --prefix /lisc/data/scratch/molevo/peyroche/clytia_ortho_search/results/trees/PITX_ -redo
Seed:    922941 (Using SPRNG - Scalable Parallel Random Number Generator)
Time:    Mon Jun 29 15:35:17 2026
Kernel:  AVX+FMA - auto-detect threads (2 CPU cores detected)

Reading alignment file /lisc/data/scratch/molevo/peyroche/clytia_ortho_search/results/trimmed/PITX_.trim.fasta ... Fasta format detected
Reading fasta file: done in 0.000125251 secs using 86.23% CPU
Alignment most likely contains protein sequences
Constructing alignment: done in 0.000178405 secs using 99.21% CPU
Alignment has 33 sequences with 93 columns, 83 distinct patterns
63 parsimony-informative, 3 singleton sites, 27 constant sites
                                 Gap/Ambiguity  Composition  p-value
Analyzing sequences: done in 1.3244e-05 secs using 90.61% CPU
   1  jgi_Casxa1_1761                    2.15%    passed     97.40%
   2  jgi_Casxa1_19717                  13.98%    passed     99.27%
   3  jgi_Casxa1_20554                  18.28%    passed     98.91%
   4  Chem_XLOC_004378                  22.58%    passed     72.60%
   5  Chem_XLOC_033274                  41.94%    passed     95.11%
   6  Exada_XP_020908445.1              11.83%    passed     99.18%
   7  Exada_XP_020908455.1               0.00%    passed     86.74%
   8  HVAEP12.G021419                    7.53%    passed     90.28%
   9  HydsyXP_057312580.1                1.08%    passed     92.99%
  10  scaffold16.g557                    6.45%    passed     93.43%
  11  scaffold1.g308                     8.60%    passed     99.39%
  12  scaffold8.g17                     13.98%    passed     83.83%
  13  scaffold8.g262                    13.98%    passed     99.57%
  14  NV2.3378.1                         4.30%    passed     91.85%
  15  NV2.23099.1                       11.83%    passed     99.97%
  16  MSTRG.8967                         2.15%    passed     99.70%
  17  Rhoes_XP_065051838.1               6.45%    passed     85.39%
  18  Rhoes_XP_065058412.1               2.15%    passed     99.53%
  19  Rhoes_XP_065059543.1              22.58%    passed     98.64%
  20  Sanma_ENSXQXP00000007712           2.15%    passed     98.68%
  21  Sanma_ENSXQXP00000024360           2.15%    passed     96.85%
  22  Stypi_XP_022797107.1               1.08%    passed     95.11%
  23  ENA_GHAQ01003789_GHAQ01003789.1    7.53%    passed     97.37%
  24  ENA_GHAQ01059307_GHAQ01059307.1    1.08%    passed     81.71%
  25  ENA_GHAQ01059308_GHAQ01059308.1    1.08%    passed     81.71%
  26  ENA_GHAQ01059309_GHAQ01059309.1    7.53%    passed     72.18%
  27  ENA_GHAQ01059310_GHAQ01059310.1    7.53%    passed     72.18%
  28  ENA_GHAQ01077554_GHAQ01077554.1    2.15%    passed     89.64%
  29  ENA_GHAQ01077557_GHAQ01077557.1    2.15%    passed     89.64%
  30  ENA_GHAQ01077558_GHAQ01077558.1    2.15%    passed     89.64%
  31  ENA_GHAQ01077559_GHAQ01077559.1    2.15%    passed     89.64%
  32  ENA_GHAQ01077562_GHAQ01077562.1    2.15%    passed     89.64%
  33  ENA_GHAQ01095161_GHAQ01095161.1    2.15%    passed     85.25%
****  TOTAL                              7.72%  0 sequences failed composition chi2 test (p-value<5%; df=19)
NOTE: ENA_GHAQ01059308_GHAQ01059308.1 is identical to ENA_GHAQ01059307_GHAQ01059307.1 but kept for subsequent analysis
NOTE: ENA_GHAQ01059310_GHAQ01059310.1 is identical to ENA_GHAQ01059309_GHAQ01059309.1 but kept for subsequent analysis
NOTE: ENA_GHAQ01077557_GHAQ01077557.1 is identical to ENA_GHAQ01077554_GHAQ01077554.1 but kept for subsequent analysis
Checking for duplicate sequences: done in 0.00140746 secs using 72.83% CPU
Identifying sites to remove: done in 8.108e-05 secs using 56.73% CPU
NOTE: 3 identical sequences (see below) will be ignored for subsequent analysis
NOTE: ENA_GHAQ01077558_GHAQ01077558.1 (identical to ENA_GHAQ01077554_GHAQ01077554.1) is ignored but added at the end
NOTE: ENA_GHAQ01077559_GHAQ01077559.1 (identical to ENA_GHAQ01077554_GHAQ01077554.1) is ignored but added at the end
NOTE: ENA_GHAQ01077562_GHAQ01077562.1 (identical to ENA_GHAQ01077554_GHAQ01077554.1) is ignored but added at the end
Alignment was printed to /lisc/data/scratch/molevo/peyroche/clytia_ortho_search/results/trees/PITX_.uniqueseq.phy

For your convenience alignment with unique sequences printed to /lisc/data/scratch/molevo/peyroche/clytia_ortho_search/results/trees/PITX_.uniqueseq.phy


Create initial parsimony tree by phylogenetic likelihood library (PLL)... 0.003 seconds
Measuring multi-threading efficiency up to 2 CPU cores
Increase to 10 rounds for branch lengths
24 trees examined
Threads: 1 / Time: 2.066 sec / Speedup: 1.000 / Efficiency: 100% / LogL: -3599
Threads: 2 / Time: 2.073 sec / Speedup: 0.996 / Efficiency: 50% / LogL: -3599
Determining AUTO threadcount: done in 4.13918 secs using 147.3% CPU
BEST NUMBER OF THREADS: 1

Perform fast likelihood tree search using LG+I+G model...
Estimate model parameters (epsilon = 5.000)
Perform nearest neighbor interchange...
Optimizing NNI: done in 0.193251 secs using 97.06% CPU
Estimate model parameters (epsilon = 1.000)
1. Initial log-likelihood: -2158.609
Optimal log-likelihood: -2158.277
Proportion of invariable sites: 0.257
Gamma shape alpha: 1.257
Parameters optimization took 1 rounds (0.063 sec)
Time for fast ML tree search: 0.392 seconds

NOTE: ModelFinder requires 5 MB RAM!
ModelFinder will test up to 1232 protein models (sample size: 93 epsilon: 0.100) ...
 No. Model         -LnL         df  AIC          AICc         BIC
  1  LG            2324.362     57  4762.724     4951.639     4907.083
  2  LG+I          2212.662     58  4541.325     4742.619     4688.215
  3  LG+G4         2164.495     58  4444.990     4646.284     4591.881
  4  LG+I+G4       2158.254     59  4434.507     4649.053     4583.931
  5  LG+R2         2170.898     59  4459.795     4674.341     4609.219
  6  LG+R3         2163.602     61  4449.205     4693.205     4603.693
  7  LG+R4         2163.517     63  4453.035     4731.104     4612.588
 14  LG+I+R2       2160.689     60  4441.378     4670.128     4593.334
 15  LG+I+R3       2156.169     62  4436.337     4696.737     4593.359
 25  LG+F+G4       2168.423     77  4490.846     5291.646     4685.856
 26  LG+F+I+G4     2162.570     78  4481.140     5361.425     4678.682
 36  LG+F+I+R2     2163.419     79  4484.838     5457.146     4684.913
 37  LG+F+I+R3     2160.320     81  4482.639     5690.276     4687.780
 47  WAG+G4        2180.661     58  4477.322     4678.616     4624.213
 48  WAG+I+G4      2173.875     59  4465.751     4680.296     4615.174
 58  WAG+I+R2      2174.691     60  4469.381     4698.131     4621.337
 59  WAG+I+R3      2172.527     62  4469.053     4729.453     4626.075
 69  WAG+F+G4      2187.694     77  4529.389     5330.189     4724.399
 70  WAG+F+I+G4    2182.466     78  4520.932     5401.218     4718.475
 80  WAG+F+I+R2    2182.837     79  4523.674     5495.982     4723.750
 81  WAG+F+I+R3    2181.010     81  4524.021     5731.657     4729.161
 91  JTT+G4        2171.893     58  4459.785     4661.079     4606.676
 92  JTT+I+G4      2165.901     59  4449.802     4664.347     4599.225
102  JTT+I+R2      2165.366     60  4450.733     4679.483     4602.689
103  JTT+I+R3      2163.249     62  4450.499     4710.899     4607.520
113  JTT+F+G4      2180.398     77  4514.797     5315.597     4709.807
114  JTT+F+I+G4    2175.549     78  4507.098     5387.384     4704.641
124  JTT+F+I+R2    2174.493     79  4506.987     5479.294     4707.062
125  JTT+F+I+R3    2172.738     81  4507.476     5715.113     4712.617
135  Q.PFAM+G4     2164.630     58  4445.260     4646.554     4592.151
136  Q.PFAM+I+G4   2158.725     59  4435.451     4649.996     4584.874
146  Q.PFAM+I+R2   2160.953     60  4441.906     4670.656     4593.862
147  Q.PFAM+I+R3   2156.167     62  4436.334     4696.734     4593.355
157  Q.PFAM+F+G4   2166.857     77  4487.715     5288.515     4682.725
158  Q.PFAM+F+I+G4 2160.889     78  4477.778     5358.064     4675.321
168  Q.PFAM+F+I+R2 2161.720     79  4481.441     5453.748     4681.516
169  Q.PFAM+F+I+R3 2158.101     81  4478.202     5685.838     4683.342
179  Q.BIRD+G4     2202.650     58  4521.300     4722.594     4668.191
180  Q.BIRD+I+G4   2195.947     59  4509.893     4724.439     4659.317
190  Q.BIRD+I+R2   2195.485     60  4510.970     4739.720     4662.926
191  Q.BIRD+I+R3   2191.959     62  4507.917     4768.317     4664.938
201  Q.BIRD+F+G4   2215.932     77  4585.864     5386.664     4780.874
202  Q.BIRD+F+I+G4 2210.106     78  4576.213     5456.499     4773.756
212  Q.BIRD+F+I+R2 2208.633     79  4575.266     5547.573     4775.341
213  Q.BIRD+F+I+R3 2205.900     81  4573.800     5781.437     4778.941
223  Q.MAMMAL+G4   2185.968     58  4487.936     4689.230     4634.826
224  Q.MAMMAL+I+G4 2179.009     59  4476.018     4690.564     4625.442
234  Q.MAMMAL+I+R2 2178.702     60  4477.404     4706.154     4629.360
235  Q.MAMMAL+I+R3 2175.639     62  4475.278     4735.678     4632.299
245  Q.MAMMAL+F+G4 2197.412     77  4548.824     5349.624     4743.834
246  Q.MAMMAL+F+I+G4 2191.634     78  4539.267     5419.553     4736.810
256  Q.MAMMAL+F+I+R2 2190.784     79  4539.567     5511.875     4739.642
257  Q.MAMMAL+F+I+R3 2188.135     81  4538.271     5745.907     4743.412
267  Q.INSECT+G4   2148.759     58  4413.519     4614.813     4560.409
268  Q.INSECT+I+G4 2141.911     59  4401.822     4616.368     4551.246
278  Q.INSECT+I+R2 2142.693     60  4405.386     4634.136     4557.342
279  Q.INSECT+I+R3 2139.183     62  4402.366     4662.766     4559.387
289  Q.INSECT+F+G4 2151.964     77  4457.928     5258.728     4652.938
290  Q.INSECT+F+I+G4 2146.349     78  4448.699     5328.985     4646.242
300  Q.INSECT+F+I+R2 2145.556     79  4449.112     5421.419     4649.187
301  Q.INSECT+F+I+R3 2143.583     81  4449.167     5656.803     4654.307
311  Q.PLANT+G4    2172.846     58  4461.692     4662.986     4608.583
312  Q.PLANT+I+G4  2165.483     59  4448.965     4663.511     4598.388
322  Q.PLANT+I+R2  2166.805     60  4453.609     4682.359     4605.565
323  Q.PLANT+I+R3  2162.108     62  4448.216     4708.616     4605.237
333  Q.PLANT+F+G4  2179.488     77  4512.976     5313.776     4707.986
334  Q.PLANT+F+I+G4 2173.206     78  4502.411     5382.697     4699.954
344  Q.PLANT+F+I+R2 2172.832     79  4503.664     5475.972     4703.739
345  Q.PLANT+F+I+R3 2169.743     81  4501.486     5709.123     4706.627
355  Q.YEAST+G4    2151.275     58  4418.551     4619.845     4565.441
356  Q.YEAST+I+G4  2145.010     59  4408.019     4622.565     4557.443
366  Q.YEAST+I+R2  2147.586     60  4415.171     4643.921     4567.127
367  Q.YEAST+I+R3  2142.056     62  4408.113     4668.513     4565.134
377  Q.YEAST+F+G4  2154.370     77  4462.741     5263.541     4657.751
378  Q.YEAST+F+I+G4 2148.995     78  4453.989     5334.275     4651.532
388  Q.YEAST+F+I+R2 2149.205     79  4456.410     5428.718     4656.485
389  Q.YEAST+F+I+R3 2146.054     81  4454.107     5661.744     4659.248
399  JTTDCMUT+G4   2172.378     58  4460.756     4662.050     4607.646
400  JTTDCMUT+I+G4 2166.323     59  4450.647     4665.192     4600.070
410  JTTDCMUT+I+R2 2165.621     60  4451.242     4679.992     4603.198
411  JTTDCMUT+I+R3 2163.783     62  4451.566     4711.966     4608.587
421  JTTDCMUT+F+G4 2180.266     77  4514.532     5315.332     4709.543
422  JTTDCMUT+F+I+G4 2175.420     78  4506.840     5387.125     4704.382
432  JTTDCMUT+F+I+R2 2174.275     79  4506.551     5478.858     4706.626
433  JTTDCMUT+F+I+R3 2172.634     81  4507.267     5714.904     4712.408
443  DCMUT+G4      2195.001     58  4506.001     4707.296     4652.892
444  DCMUT+I+G4    2186.864     59  4491.728     4706.273     4641.151
454  DCMUT+I+R2    2186.836     60  4493.671     4722.421     4645.627
455  DCMUT+I+R3    2185.821     62  4495.642     4756.042     4652.663
465  DCMUT+F+G4    2184.300     77  4522.600     5323.400     4717.611
466  DCMUT+F+I+G4  2178.320     78  4512.640     5392.926     4710.183
476  DCMUT+F+I+R2  2176.805     79  4511.610     5483.918     4711.686
477  DCMUT+F+I+R3  2176.542     81  4515.083     5722.720     4720.224
487  VT+G4         2178.648     58  4473.296     4674.590     4620.187
488  VT+I+G4       2172.233     59  4462.466     4677.011     4611.889
498  VT+I+R2       2172.475     60  4464.950     4693.700     4616.906
499  VT+I+R3       2170.385     62  4464.769     4725.169     4621.790
509  VT+F+G4       2189.618     77  4533.236     5334.036     4728.246
510  VT+F+I+G4     2184.134     78  4524.268     5404.554     4721.811
520  VT+F+I+R2     2183.967     79  4525.934     5498.242     4726.009
521  VT+F+I+R3     2182.122     81  4526.244     5733.881     4731.385
531  PMB+G4        2201.118     58  4518.236     4719.530     4665.127
532  PMB+I+G4      2193.972     59  4505.944     4720.490     4655.368
542  PMB+I+R2      2194.929     60  4509.858     4738.608     4661.814
543  PMB+I+R3      2192.617     62  4509.235     4769.635     4666.256
553  PMB+F+G4      2209.817     77  4573.634     5374.434     4768.645
554  PMB+F+I+G4    2203.264     78  4562.528     5442.814     4760.071
564  PMB+F+I+R2    2203.800     79  4565.601     5537.909     4765.676
565  PMB+F+I+R3    2202.076     81  4566.153     5773.789     4771.293
575  BLOSUM62+G4   2202.733     58  4521.465     4722.759     4668.356
576  BLOSUM62+I+G4 2195.727     59  4509.455     4724.000     4658.878
586  BLOSUM62+I+R2 2197.256     60  4514.512     4743.262     4666.468
587  BLOSUM62+I+R3 2194.322     62  4512.644     4773.044     4669.665
597  BLOSUM62+F+G4 2204.828     77  4563.656     5364.456     4758.666
598  BLOSUM62+F+I+G4 2198.397     78  4552.794     5433.080     4750.337
608  BLOSUM62+F+I+R2 2199.308     79  4556.617     5528.925     4756.692
609  BLOSUM62+F+I+R3 2197.213     81  4556.427     5764.063     4761.567
619  DAYHOFF+G4    2194.912     58  4505.824     4707.118     4652.715
620  DAYHOFF+I+G4  2186.750     59  4491.499     4706.045     4640.923
630  DAYHOFF+I+R2  2186.747     60  4493.494     4722.244     4645.450
631  DAYHOFF+I+R3  2185.503     62  4495.006     4755.406     4652.027
641  DAYHOFF+F+G4  2184.273     77  4522.545     5323.345     4717.556
642  DAYHOFF+F+I+G4 2178.271     78  4512.541     5392.827     4710.084
652  DAYHOFF+F+I+R2 2176.770     79  4511.540     5483.848     4711.616
653  DAYHOFF+F+I+R3 2176.416     81  4514.833     5722.469     4719.973
663  MTREV+G4      2248.898     58  4613.796     4815.090     4760.687
664  MTREV+I+G4    2244.897     59  4607.794     4822.339     4757.217
674  MTREV+I+R2    2250.240     60  4620.480     4849.230     4772.436
675  MTREV+I+R3    2242.784     62  4609.567     4869.967     4766.588
685  MTREV+F+G4    2189.757     77  4533.513     5334.313     4728.523
686  MTREV+F+I+G4  2184.976     78  4525.951     5406.237     4723.494
696  MTREV+F+I+R2  2186.416     79  4530.831     5503.139     4730.907
697  MTREV+F+I+R3  2182.045     81  4526.090     5733.727     4731.231
707  MTART+G4      2255.170     58  4626.340     4827.634     4773.231
708  MTART+I+G4    2250.665     59  4619.331     4833.876     4768.754
718  MTART+I+R2    2270.052     60  4660.105     4888.855     4812.061
719  MTART+I+R3    2251.768     62  4627.535     4887.935     4784.556
729  MTART+F+G4    2178.018     77  4510.037     5310.837     4705.047
730  MTART+F+I+G4  2174.498     78  4504.996     5385.282     4702.539
740  MTART+F+I+R2  2183.273     79  4524.546     5496.853     4724.621
741  MTART+F+I+R3  2172.999     81  4507.997     5715.633     4713.138
751  MTZOA+G4      2228.613     58  4573.226     4774.520     4720.117
752  MTZOA+I+G4    2224.804     59  4567.608     4782.154     4717.032
762  MTZOA+I+R2    2233.693     60  4587.387     4816.137     4739.343
763  MTZOA+I+R3    2223.596     62  4571.192     4831.592     4728.213
773  MTZOA+F+G4    2167.596     77  4489.192     5289.992     4684.202
774  MTZOA+F+I+G4  2163.991     78  4483.982     5364.267     4681.524
784  MTZOA+F+I+R2  2167.677     79  4493.353     5465.661     4693.428
785  MTZOA+F+I+R3  2161.153     81  4484.306     5691.942     4689.447
795  MTMET+G4      2241.788     58  4599.575     4800.870     4746.466
796  MTMET+I+G4    2238.337     59  4594.674     4809.220     4744.098
806  MTMET+I+R2    2241.991     60  4603.982     4832.732     4755.938
807  MTMET+I+R3    2234.559     62  4593.119     4853.519     4750.140
817  MTMET+F+G4    2182.326     77  4518.652     5319.452     4713.662
818  MTMET+F+I+G4  2177.333     78  4510.667     5390.953     4708.210
828  MTMET+F+I+R2  2177.717     79  4513.433     5485.741     4713.509
829  MTMET+F+I+R3  2173.500     81  4509.000     5716.637     4714.141
839  MTVER+G4      2257.719     58  4631.439     4832.733     4778.330
840  MTVER+I+G4    2254.678     59  4627.356     4841.902     4776.780
850  MTVER+I+R2    2257.247     60  4634.495     4863.245     4786.451
851  MTVER+I+R3    2249.879     62  4623.757     4884.157     4780.778
861  MTVER+F+G4    2205.596     77  4565.192     5365.992     4760.202
862  MTVER+F+I+G4  2199.280     78  4554.559     5434.845     4752.102
872  MTVER+F+I+R2  2199.022     79  4556.044     5528.351     4756.119
873  MTVER+F+I+R3  2195.283     81  4552.566     5760.202     4757.706
883  MTINV+G4      2260.232     58  4636.463     4837.758     4783.354
884  MTINV+I+G4    2255.927     59  4629.854     4844.399     4779.277
894  MTINV+I+R2    2259.160     60  4638.320     4867.070     4790.276
895  MTINV+I+R3    2253.017     62  4630.035     4890.435     4787.056
905  MTINV+F+G4    2174.083     77  4502.166     5302.966     4697.177
906  MTINV+F+I+G4  2168.823     78  4493.646     5373.932     4691.189
916  MTINV+F+I+R2  2169.570     79  4497.141     5469.449     4697.216
917  MTINV+F+I+R3  2166.102     81  4494.203     5701.840     4699.344
927  MTMAM+G4      2275.988     58  4667.976     4869.270     4814.867
928  MTMAM+I+G4    2272.708     59  4663.416     4877.962     4812.840
938  MTMAM+I+R2    2286.828     60  4693.656     4922.406     4845.612
939  MTMAM+I+R3    2274.146     62  4672.291     4932.691     4829.313
949  MTMAM+F+G4    2210.788     77  4575.577     5376.377     4770.587
950  MTMAM+F+I+G4  2206.081     78  4568.162     5448.448     4765.705
960  MTMAM+F+I+R2  2209.606     79  4577.212     5549.520     4777.288
961  MTMAM+F+I+R3  2202.677     81  4567.354     5774.990     4772.495
971  FLAVI+G4      2254.947     58  4625.894     4827.188     4772.785
972  FLAVI+I+G4    2249.941     59  4617.882     4832.428     4767.305
982  FLAVI+I+R2    2248.696     60  4617.392     4846.142     4769.348
983  FLAVI+I+R3    2244.717     62  4613.434     4873.834     4770.455
993  FLAVI+F+G4    2251.925     77  4657.849     5458.649     4852.860
994  FLAVI+F+I+G4  2247.234     78  4650.468     5530.754     4848.011
1004  FLAVI+F+I+R2  2246.715     79  4651.429     5623.737     4851.505
1005  FLAVI+F+I+R3  2242.362     81  4646.723     5854.360     4851.864
1015  HIVB+G4       2215.942     58  4547.885     4749.179     4694.776
1016  HIVB+I+G4     2209.348     59  4536.697     4751.242     4686.120
1026  HIVB+I+R2     2207.134     60  4534.267     4763.017     4686.223
1027  HIVB+I+R3     2204.086     62  4532.172     4792.572     4689.194
1037  HIVB+F+G4     2220.755     77  4595.511     5396.311     4790.521
1038  HIVB+F+I+G4   2214.108     78  4584.217     5464.503     4781.760
1048  HIVB+F+I+R2   2212.504     79  4583.008     5555.316     4783.083
1049  HIVB+F+I+R3   2209.518     81  4581.035     5788.672     4786.176
1059  HIVW+G4       2288.923     58  4693.846     4895.140     4840.737
1060  HIVW+I+G4     2282.482     59  4682.964     4897.509     4832.387
1070  HIVW+I+R2     2280.919     60  4681.837     4910.587     4833.793
1071  HIVW+I+R3     2278.756     62  4681.512     4941.912     4838.533
1081  HIVW+F+G4     2286.130     77  4726.261     5527.061     4921.271
1082  HIVW+F+I+G4   2281.720     78  4719.441     5599.726     4916.984
1092  HIVW+F+I+R2   2282.521     79  4723.042     5695.350     4923.117
1093  HIVW+F+I+R3   2277.455     81  4716.911     5924.547     4922.052
1103  FLU+G4        2188.913     58  4493.825     4695.119     4640.716
1104  FLU+I+G4      2182.295     59  4482.590     4697.136     4632.014
1114  FLU+I+R2      2184.106     60  4488.213     4716.963     4640.169
1115  FLU+I+R3      2179.650     62  4483.301     4743.701     4640.322
1125  FLU+F+G4      2213.573     77  4581.147     5381.947     4776.157
1126  FLU+F+I+G4    2208.857     78  4573.714     5454.000     4771.257
1136  FLU+F+I+R2    2210.859     79  4579.719     5552.026     4779.794
1137  FLU+F+I+R3    2205.670     81  4573.340     5780.976     4778.480
1147  RTREV+G4      2182.302     58  4480.604     4681.898     4627.494
1148  RTREV+I+G4    2175.643     59  4469.286     4683.831     4618.709
1158  RTREV+I+R2    2178.436     60  4476.872     4705.622     4628.828
1159  RTREV+I+R3    2173.555     62  4471.109     4731.509     4628.130
1169  RTREV+F+G4    2176.824     77  4507.648     5308.448     4702.658
1170  RTREV+F+I+G4  2170.514     78  4497.028     5377.314     4694.571
1180  RTREV+F+I+R2  2172.947     79  4503.895     5476.202     4703.970
1181  RTREV+F+I+R3  2168.444     81  4498.888     5706.525     4704.029
1191  CPREV+G4      2196.771     58  4509.542     4710.836     4656.433
1192  CPREV+I+G4    2191.742     59  4501.483     4716.029     4650.906
1202  CPREV+I+R2    2195.648     60  4511.296     4740.046     4663.252
1203  CPREV+I+R3    2190.689     62  4505.378     4765.778     4662.399
1213  CPREV+F+G4    2204.917     77  4563.834     5364.634     4758.844
1214  CPREV+F+I+G4  2199.807     78  4555.614     5435.900     4753.157
1224  CPREV+F+I+R2  2203.833     79  4565.667     5537.974     4765.742
1225  CPREV+F+I+R3  2198.598     81  4559.196     5766.832     4764.337
Akaike Information Criterion:           Q.INSECT+I+G4
Corrected Akaike Information Criterion: Q.INSECT+G4
Bayesian Information Criterion:         Q.INSECT+I+G4
Best-fit model: Q.INSECT+I+G4 chosen according to BIC

All model information printed to /lisc/data/scratch/molevo/peyroche/clytia_ortho_search/results/trees/PITX_.model.gz
CPU time for ModelFinder: 32.723 seconds (0h:0m:32s)
Wall-clock time for ModelFinder: 31.067 seconds (0h:0m:31s)
Generating 1000 samples for ultrafast bootstrap (seed: 922941)...

NOTE: 2 MB RAM (0 GB) is required!
Estimate model parameters (epsilon = 0.100)
Thoroughly optimizing +I+G parameters from 10 start values...
Init pinv, alpha: 0.000, 1.123 / Estimate: 0.000, 0.512 / LogL: -2148.739
Init pinv, alpha: 0.032, 1.123 / Estimate: 0.265, 1.426 / LogL: -2141.911
Init pinv, alpha: 0.065, 1.123 / Estimate: 0.265, 1.426 / LogL: -2141.909
Init pinv, alpha: 0.097, 1.123 / Estimate: 0.265, 1.424 / LogL: -2141.910
Init pinv, alpha: 0.129, 1.123 / Estimate: 0.265, 1.425 / LogL: -2141.910
Init pinv, alpha: 0.161, 1.123 / Estimate: 0.264, 1.422 / LogL: -2141.913
Init pinv, alpha: 0.194, 1.123 / Estimate: 0.265, 1.424 / LogL: -2141.908
Init pinv, alpha: 0.226, 1.123 / Estimate: 0.266, 1.425 / LogL: -2141.907
Init pinv, alpha: 0.258, 1.123 / Estimate: 0.266, 1.424 / LogL: -2141.908
Init pinv, alpha: 0.290, 1.123 / Estimate: 0.267, 1.423 / LogL: -2141.910
Optimal pinv,alpha: 0.266, 1.425 / LogL: -2141.907

Parameters optimization took 2.908 sec
Wrote distance file to... 
Computing ML distances based on estimated model parameters...
Calculating distance matrix: done in 0.118808 secs using 99.62% CPU
Computing ML distances took 0.118881 sec (of wall-clock time) 0.118432 sec (of CPU time)
Setting up auxiliary I and S matrices: done in 0.000106371 secs using 160.8% CPU
Constructing RapidNJ tree: done in 0.000377816 secs
Computing RapidNJ tree took 0.000565 sec (of wall-clock time) 0.000181 sec (of CPU time)
Log-likelihood of RapidNJ tree: -2153.016
--------------------------------------------------------------------
|             INITIALIZING CANDIDATE TREE SET                      |
--------------------------------------------------------------------
Generating 98 parsimony trees... 0.220 second
Computing log-likelihood of 98 initial trees ... 1.071 seconds
Current best score: -2141.907

Do NNI search on 20 best initial trees
Optimizing NNI: done in 0.058264 secs using 99.55% CPU
Estimate model parameters (epsilon = 0.100)
BETTER TREE FOUND at iteration 1: -2141.907
Optimizing NNI: done in 0.222461 secs using 97.33% CPU
Optimizing NNI: done in 0.310716 secs using 97.34% CPU
Estimate model parameters (epsilon = 0.100)
BETTER TREE FOUND at iteration 3: -2141.387
Optimizing NNI: done in 0.291012 secs using 98.56% CPU
BETTER TREE FOUND at iteration 4: -2141.387
Optimizing NNI: done in 0.24207 secs using 98.35% CPU
Optimizing NNI: done in 0.287635 secs using 96.81% CPU
Optimizing NNI: done in 0.292349 secs using 97.87% CPU
Estimate model parameters (epsilon = 0.100)
UPDATE BEST LOG-LIKELIHOOD: -2141.316
Optimizing NNI: done in 0.303905 secs using 98.25% CPU
Optimizing NNI: done in 0.264605 secs using 97.31% CPU
Optimizing NNI: done in 0.253393 secs using 98.4% CPU
Iteration 10 / LogL: -2141.316 / Time: 0h:0m:38s
Optimizing NNI: done in 0.251987 secs using 97.6% CPU
Optimizing NNI: done in 0.265147 secs using 98.45% CPU
Optimizing NNI: done in 0.230755 secs using 97.86% CPU
Optimizing NNI: done in 0.299109 secs using 97.29% CPU
Optimizing NNI: done in 0.227268 secs using 97.88% CPU
Optimizing NNI: done in 0.236262 secs using 98.36% CPU
Optimizing NNI: done in 0.227556 secs using 96.56% CPU
Optimizing NNI: done in 0.210114 secs using 96.78% CPU
Optimizing NNI: done in 0.252853 secs using 97.6% CPU
Optimizing NNI: done in 0.253412 secs using 96.83% CPU
Iteration 20 / LogL: -2141.443 / Time: 0h:0m:40s
Finish initializing candidate tree set (15)
Current best tree score: -2141.316 / CPU time: 6.474
Number of iterations: 20
--------------------------------------------------------------------
|               OPTIMIZING CANDIDATE TREE SET                      |
--------------------------------------------------------------------
Optimizing NNI: done in 0.310518 secs using 99.24% CPU
Optimizing NNI: done in 0.281673 secs using 99.24% CPU
Optimizing NNI: done in 0.347537 secs using 98.45% CPU
Optimizing NNI: done in 0.298858 secs using 96.59% CPU
Optimizing NNI: done in 0.246969 secs using 97.56% CPU
Optimizing NNI: done in 0.339816 secs using 98.43% CPU
Optimizing NNI: done in 0.293327 secs using 97.56% CPU
Optimizing NNI: done in 0.16511 secs using 97.78% CPU
Optimizing NNI: done in 0.270536 secs using 95.53% CPU
Optimizing NNI: done in 0.259475 secs using 96.11% CPU
Iteration 30 / LogL: -2146.456 / Time: 0h:0m:43s (0h:0m:31s left)
Optimizing NNI: done in 0.253515 secs using 97.21% CPU
Optimizing NNI: done in 0.30422 secs using 98.27% CPU
Optimizing NNI: done in 0.295129 secs using 97.56% CPU
Optimizing NNI: done in 0.25671 secs using 98.05% CPU
Optimizing NNI: done in 0.35016 secs using 97.32% CPU
Optimizing NNI: done in 0.287408 secs using 97.54% CPU
Optimizing NNI: done in 0.278921 secs using 97.47% CPU
Optimizing NNI: done in 0.401566 secs using 97.87% CPU
Optimizing NNI: done in 0.295182 secs using 97.93% CPU
Optimizing NNI: done in 0.288158 secs using 98.91% CPU
Iteration 40 / LogL: -2141.316 / Time: 0h:0m:46s (0h:0m:25s left)
Optimizing NNI: done in 0.256857 secs using 98.44% CPU
Optimizing NNI: done in 0.328524 secs using 96.57% CPU
Optimizing NNI: done in 0.262452 secs using 96.93% CPU
Optimizing NNI: done in 0.220636 secs using 96.88% CPU
Optimizing NNI: done in 0.305951 secs using 98.31% CPU
Optimizing NNI: done in 0.315671 secs using 97.42% CPU
Optimizing NNI: done in 0.284804 secs using 97.19% CPU
Optimizing NNI: done in 0.379162 secs using 98.08% CPU
Optimizing NNI: done in 0.252103 secs using 98.87% CPU
Optimizing NNI: done in 0.346479 secs using 97.65% CPU
Iteration 50 / LogL: -2141.316 / Time: 0h:0m:49s (0h:0m:20s left)
Log-likelihood cutoff on original alignment: -2165.197
Optimizing NNI: done in 0.301618 secs using 95.03% CPU
Optimizing NNI: done in 0.273464 secs using 98.18% CPU
Optimizing NNI: done in 0.239884 secs using 97.15% CPU
Optimizing NNI: done in 0.333196 secs using 97.87% CPU
Optimizing NNI: done in 0.259633 secs using 98.08% CPU
Optimizing NNI: done in 0.294757 secs using 98.96% CPU
Optimizing NNI: done in 0.266369 secs using 98.85% CPU
Optimizing NNI: done in 0.274183 secs using 97.45% CPU
Optimizing NNI: done in 0.343858 secs using 97.3% CPU
Optimizing NNI: done in 0.268523 secs using 98.51% CPU
Iteration 60 / LogL: -2141.316 / Time: 0h:0m:52s (0h:0m:16s left)
Optimizing NNI: done in 0.225424 secs using 98.72% CPU
Optimizing NNI: done in 0.29537 secs using 98.27% CPU
Optimizing NNI: done in 0.325442 secs using 99.02% CPU
Optimizing NNI: done in 0.276723 secs using 98.19% CPU
Optimizing NNI: done in 0.274564 secs using 98.91% CPU
Optimizing NNI: done in 0.30251 secs using 97.65% CPU
Optimizing NNI: done in 0.28957 secs using 98.95% CPU
Optimizing NNI: done in 0.366887 secs using 97.73% CPU
Optimizing NNI: done in 0.252397 secs using 95.3% CPU
Optimizing NNI: done in 0.179203 secs using 99.08% CPU
Iteration 70 / LogL: -2141.317 / Time: 0h:0m:55s (0h:0m:12s left)
Optimizing NNI: done in 0.291923 secs using 98.61% CPU
Optimizing NNI: done in 0.293858 secs using 97.61% CPU
Optimizing NNI: done in 0.284295 secs using 97.87% CPU
Optimizing NNI: done in 0.246127 secs using 98.01% CPU
Optimizing NNI: done in 0.176169 secs using 99.06% CPU
Optimizing NNI: done in 0.280729 secs using 95.72% CPU
Optimizing NNI: done in 0.300143 secs using 98.31% CPU
Optimizing NNI: done in 0.226709 secs using 97.44% CPU
Optimizing NNI: done in 0.23411 secs using 97.08% CPU
Optimizing NNI: done in 0.308854 secs using 97.38% CPU
Iteration 80 / LogL: -2176.105 / Time: 0h:0m:58s (0h:0m:8s left)
Optimizing NNI: done in 0.178964 secs using 97.41% CPU
Optimizing NNI: done in 0.267116 secs using 97.77% CPU
Optimizing NNI: done in 0.3102 secs using 98.99% CPU
Optimizing NNI: done in 0.193678 secs using 97.59% CPU
Optimizing NNI: done in 0.306116 secs using 98.65% CPU
Optimizing NNI: done in 0.288317 secs using 97.91% CPU
Optimizing NNI: done in 0.24587 secs using 99.65% CPU
Optimizing NNI: done in 0.261376 secs using 97.74% CPU
Optimizing NNI: done in 0.211463 secs using 97.26% CPU
Optimizing NNI: done in 0.233396 secs using 97.93% CPU
Iteration 90 / LogL: -2141.316 / Time: 0h:1m:0s (0h:0m:4s left)
Optimizing NNI: done in 0.256993 secs using 97.7% CPU
Optimizing NNI: done in 0.236076 secs using 98.8% CPU
Optimizing NNI: done in 0.270443 secs using 96.7% CPU
Optimizing NNI: done in 0.220488 secs using 98.28% CPU
Optimizing NNI: done in 0.289895 secs using 96.53% CPU
Optimizing NNI: done in 0.334535 secs using 97.86% CPU
Optimizing NNI: done in 0.341803 secs using 98.19% CPU
Optimizing NNI: done in 0.225168 secs using 98.73% CPU
Optimizing NNI: done in 0.268423 secs using 98.16% CPU
Optimizing NNI: done in 0.210915 secs using 96.8% CPU
Iteration 100 / LogL: -2141.442 / Time: 0h:1m:3s (0h:0m:1s left)
Log-likelihood cutoff on original alignment: -2165.197
NOTE: Bootstrap correlation coefficient of split occurrence frequencies: 0.999
Optimizing NNI: done in 0.391023 secs using 99.12% CPU
Optimizing NNI: done in 0.241539 secs using 98.79% CPU
Optimizing NNI: done in 0.215514 secs using 98.73% CPU
Optimizing NNI: done in 0.296344 secs using 97.61% CPU
Optimizing NNI: done in 0.370733 secs using 96.68% CPU
TREE SEARCH COMPLETED AFTER 105 ITERATIONS / Time: 0h:1m:5s

--------------------------------------------------------------------
|                    FINALIZING TREE SEARCH                        |
--------------------------------------------------------------------
Performs final model parameters optimization
Estimate model parameters (epsilon = 0.010)
1. Initial log-likelihood: -2141.316
Optimal log-likelihood: -2141.316
Proportion of invariable sites: 0.264
Gamma shape alpha: 1.347
Parameters optimization took 1 rounds (0.035 sec)
BEST SCORE FOUND : -2141.316
Creating bootstrap support values...
Split supports printed to NEXUS file /lisc/data/scratch/molevo/peyroche/clytia_ortho_search/results/trees/PITX_.splits.nex
Total tree length: 9.064

Total number of iterations: 105
CPU time used for tree search: 30.275 sec (0h:0m:30s)
Wall-clock time used for tree search: 30.939 sec (0h:0m:30s)
Total CPU time used: 66.189 sec (0h:1m:6s)
Total wall-clock time used: 65.220 sec (0h:1m:5s)

Computing bootstrap consensus tree...
Reading input file /lisc/data/scratch/molevo/peyroche/clytia_ortho_search/results/trees/PITX_.splits.nex...
30 taxa and 196 splits.
Consensus tree written to /lisc/data/scratch/molevo/peyroche/clytia_ortho_search/results/trees/PITX_.contree
Reading input trees file /lisc/data/scratch/molevo/peyroche/clytia_ortho_search/results/trees/PITX_.contree
Log-likelihood of consensus tree: -2141.891

Analysis results written to: 
  IQ-TREE report:                /lisc/data/scratch/molevo/peyroche/clytia_ortho_search/results/trees/PITX_.iqtree
  Maximum-likelihood tree:       /lisc/data/scratch/molevo/peyroche/clytia_ortho_search/results/trees/PITX_.treefile
  Likelihood distances:          /lisc/data/scratch/molevo/peyroche/clytia_ortho_search/results/trees/PITX_.mldist

Ultrafast bootstrap approximation results written to:
  Split support values:          /lisc/data/scratch/molevo/peyroche/clytia_ortho_search/results/trees/PITX_.splits.nex
  Consensus tree:                /lisc/data/scratch/molevo/peyroche/clytia_ortho_search/results/trees/PITX_.contree
  Screen log file:               /lisc/data/scratch/molevo/peyroche/clytia_ortho_search/results/trees/PITX_.log

Date and Time: Mon Jun 29 15:36:23 2026
