IQ-TREE version 3.0.1 for Linux x86 64-bit built May  5 2025
Developed by Bui Quang Minh, Thomas Wong, Nhan Ly-Trong, Huaiyan Ren
Contributed by Lam-Tung Nguyen, Dominik Schrempf, Chris Bielow,
Olga Chernomor, Michael Woodhams, Diep Thi Hoang, Heiko Schmidt

Host:    node-g09.lisc (AVX512, FMA3, 1510 GB RAM)
Command: /lisc/opt/sw/software/IQ-TREE/3.0.1/bin/iqtree3_intel -s /lisc/data/scratch/molevo/peyroche/forkhead/FOXABC/alignment/FOXABC_prots_all_mafft_auto_trimal.fasta --seqtype AA -T AUTO -B 10000 -m MFP --alrt 10000 --prefix /lisc/data/scratch/molevo/peyroche/forkhead/FOXABC/results//foxABC_auto_trimal
Seed:    774074 (Using SPRNG - Scalable Parallel Random Number Generator)
Time:    Fri Jun 26 15:49:12 2026
Kernel:  AVX+FMA - auto-detect threads (16 CPU cores detected)

Reading alignment file /lisc/data/scratch/molevo/peyroche/forkhead/FOXABC/alignment/FOXABC_prots_all_mafft_auto_trimal.fasta ... Fasta format detected
Reading fasta file: done in 0.00010068 secs using 32.78% CPU
Alignment most likely contains protein sequences
Constructing alignment: done in 0.0001055 secs using 96.68% CPU
Alignment has 78 sequences with 120 columns, 106 distinct patterns
86 parsimony-informative, 5 singleton sites, 29 constant sites
                                                 Gap/Ambiguity  Composition  p-value
Analyzing sequences: done in 0.0193942 secs using 692.5% CPU
   1  Brafl_XP_035666163.1                               2.50%    passed     97.52%
   2  Exada_XP_020904925.1                               2.50%    passed     99.85%
   3  Nemve_NV2.25999.1                                  2.50%    passed     99.84%
   4  Stypi_XP_022780413.1                               2.50%    passed     97.13%
   5  Triad_B3RSE6_B3RSE6_TRIAD                         10.00%    passed     99.81%
   6  Q99853_FOXB1_HUMAN                                 2.50%    passed     99.96%
   7  Q5VYV0_FOXB2_HUMAN                                 2.50%    passed     99.55%
   8  Owefu_CAH1796923.1                                 2.50%    passed     98.82%
   9  Dapma_XP_032779745.2                               2.50%    passed     85.25%
  10  Maggi_XP_011445364.3                               2.50%    passed     95.04%
  11  Brafl_XP_035683186.1                               2.50%    passed     99.99%
  12  Casxa_jgi_Casxa1_23848                             2.50%    passed    100.00%
  13  Rhoes_XP_065052199.1                               2.50%    passed    100.00%
  14  Sanma_ENSXQXP00000024501.1_ENSXQXG00000017190.1    2.50%    passed    100.00%
  15  PnocFOXA                                           2.50%    passed    100.00%
  16  Aurco_scaffold16.g749.t1                           2.50%    passed    100.00%
  17  Tripe_ENA_GHAQ01132272_GHAQ01132272.1              2.50%    passed    100.00%
  18  Exada_XP_020893103.1                               2.50%    passed    100.00%
  19  Nemve_NV2.11441.1                                  2.50%    passed    100.00%
  20  Stypi_XP_022789920.1                               2.50%    passed    100.00%
  21  Triad_B3S1K8_B3S1K8_TRIAD                         10.00%    passed     99.53%
  22  Maggi_XP_011413445.1                               2.50%    passed     99.55%
  23  Owefu_CAH1792690.1                                 2.50%    passed     99.72%
  24  Lytva_XP_041469659.1                               2.50%    passed     99.35%
  25  Q9Y261_FOXA2_HUMAN                                 2.50%    passed     99.66%
  26  Clyhe_Chem_XLOC_044586                             2.50%    passed     99.99%
  27  Hydvu_HVAEP6.G011613                               2.50%    passed     99.98%
  28  Hydsy_XP_057304130.1                               2.50%    passed     99.95%
  29  P55317_FOXA1_HUMAN                                 2.50%    passed     99.96%
  30  Lytva_XP_041465359.1                               2.50%    passed     96.03%
  31  Brafl_XP_035684564.1                               2.50%    passed     99.63%
  32  Dapma_XP_032799237.1                               2.50%    passed     99.99%
  33  P55318_FOXA3_HUMAN                                 2.50%    passed     99.87%
  34  Brafl_XP_035679441.1                               2.50%    passed     94.02%
  35  Maggi_XP_011417585.2                               2.50%    passed     99.24%
  36  Triad_B3S7D8_B3S7D8_TRIAD                          7.50%    passed     97.24%
  37  Q12948_FOXC1_HUMAN                                 2.50%    passed     92.57%
  38  Q99958_FOXC2_HUMAN                                 2.50%    passed     98.83%
  39  Owefu_CAH1779694.1                                 2.50%    passed     99.98%
  40  Lytva_XP_041454579.1                               2.50%    passed     83.78%
  41  Exada_XP_020902419.1                               2.50%    passed     95.44%
  42  Nemve_NV2.30002.1                                  2.50%    passed     99.67%
  43  Stypi_XP_022799810.1                               2.50%    passed     94.78%
  44  Hydvu_HVAEP15.G027359                              2.50%    passed     90.85%
  45  Clyhe_Chem_XLOC_001095                             2.50%    passed     99.47%
  46  Hydsy_XP_057291876.1                               2.50%    passed     99.82%
  47  PnocFOXC                                           2.50%    passed     97.41%
  48  Sanma_ENSXQXP00000029581.1_ENSXQXG00000020522.1    2.50%    passed     99.32%
  49  Aurco_scaffold6.g58.t1                             2.50%    passed     98.75%
  50  Rhoes_XP_065065228.1                               2.50%    passed     98.32%
  51  Casxa_jgi_Casxa1_3372                              2.50%    passed     99.53%
  52  Clyhe_Chem_XLOC_042605                             1.67%    passed     84.51%
  53  Clyhe_Chem_XLOC_018078                             2.50%    passed     99.75%
  54  Hydsy_XP_057315801.1                               2.50%    passed     96.81%
  55  Sanma_ENSXQXP00000011504.1_ENSXQXG00000008379.1    2.50%    passed     96.89%
  56  PnocFOXB1                                          2.50%    passed     95.91%
  57  Aur_foxB1_best_hit                                 2.50%    passed     99.75%
  58  FoxB1_NW_027019762.1                               2.50%    passed     98.23%
  59  Tripe_ENA_GHAQ01133162_GHAQ01133162.1              2.50%    passed     99.30%
  60  Hydsy_XP_057315802.1                               2.50%    passed     98.69%
  61  Hydvu_HVAEP12.G022887                              2.50%    passed     93.63%
  62  Dapma_XP_032776812.2                               1.67%    passed     95.83%
  63  O43638_FOXS1_HUMAN                                 2.50%    passed     62.31%
  64  Lytva_XP_041464485.1                               4.17%    passed     99.98%
  65  Maggi_XP_011441298.1                               2.50%    passed     99.30%
  66  Owefu_CAH1797164.1                                 2.50%    passed     96.69%
  67  Owefu_CAH1797111.1                                 2.50%    passed     99.79%
  68  Exada_XP_020904840.1                               1.67%    passed     99.85%
  69  Nemve_NV2.23888.1                                  1.67%    passed     99.39%
  70  Stypi_XP_022780476.1                               1.67%    passed     99.46%
  71  Sanma_ENSXQXP00000012300.1_ENSXQXG00000008891.1    2.50%    passed     11.21%
  72  PnocFOXB2                                          2.50%    passed     75.94%
  73  Casxa_jgi_Casxa1_18156                             2.50%    passed     83.22%
  74  Rhoes_XP_065066175.1                               2.50%    passed     92.69%
  75  Aurco_scaffold13.g642.t1                           2.50%    passed     96.64%
  76  Brafl_XP_035667310.1                               2.50%    passed     79.17%
  77  Aurco_scaffold8.g352.t1                            2.50%    passed     94.31%
  78  Sanma_ENSXQXP00000015714.1_ENSXQXG00000011219.1    1.67%    passed     47.46%
****  TOTAL                                              2.71%  0 sequences failed composition chi2 test (p-value<5%; df=19)
NOTE: Aurco_scaffold16.g749.t1 is identical to Rhoes_XP_065052199.1 but kept for subsequent analysis
NOTE: Nemve_NV2.11441.1 is identical to Exada_XP_020893103.1 but kept for subsequent analysis
Checking for duplicate sequences: done in 0.00844716 secs using 1347% CPU


Create initial parsimony tree by phylogenetic likelihood library (PLL)... 0.004 seconds
Measuring multi-threading efficiency up to 16 CPU cores
Increase to 10 rounds for branch lengths
110 trees examined
Threads: 1 / Time: 16.092 sec / Speedup: 1.000 / Efficiency: 100% / LogL: -9596
Threads: 2 / Time: 12.331 sec / Speedup: 1.305 / Efficiency: 65% / LogL: -9596
Threads: 3 / Time: 9.716 sec / Speedup: 1.656 / Efficiency: 55% / LogL: -9596
Threads: 4 / Time: 7.661 sec / Speedup: 2.101 / Efficiency: 53% / LogL: -9596
Threads: 5 / Time: 6.943 sec / Speedup: 2.318 / Efficiency: 46% / LogL: -9596
Determining AUTO threadcount: done in 52.7434 secs using 253.2% CPU
BEST NUMBER OF THREADS: 4

Perform fast likelihood tree search using LG+I+G model...
Estimate model parameters (epsilon = 5.000)
Perform nearest neighbor interchange...
Optimizing NNI: done in 0.170061 secs using 394.3% CPU
Estimate model parameters (epsilon = 1.000)
1. Initial log-likelihood: -5388.591
Optimal log-likelihood: -5388.534
Proportion of invariable sites: 0.171
Gamma shape alpha: 0.747
Parameters optimization took 1 rounds (0.023 sec)
Time for fast ML tree search: 0.283 seconds

NOTE: ModelFinder requires 20 MB RAM!
ModelFinder will test up to 1232 protein models (sample size: 120 epsilon: 0.100) ...
 No. Model         -LnL         df  AIC          AICc         BIC
  1  LG            5924.379     153 12154.759    59278.759    12581.245
  2  LG+I          5694.561     154 11697.122    59437.122    12126.396
  3  LG+G4         5398.662     154 11105.324    58845.324    11534.598
  4  LG+I+G4       5388.643     155 11087.286    59447.286    11519.347
  5  LG+R2         5515.118     155 11340.237    59700.237    11772.298
  6  LG+R3         5418.039     157 11150.077    60762.077    11587.714
  7  LG+R4         5388.857     159 11095.714    61975.714    11538.925
  8  LG+R5         5384.798     161 11091.596    63255.596    11540.382
 14  LG+I+R2       5456.532     156 11225.063    60209.063    11659.912
 15  LG+I+R3       5399.285     158 11114.570    61358.570    11554.993
 16  LG+I+R4       5386.276     160 11092.552    62612.552    11538.551
 17  LG+I+R5       5383.220     162 11090.439    63902.439    11542.013
 26  LG+F+I+G4     5429.423     174 11206.845    72106.845    11691.869
 48  WAG+I+G4      5428.760     155 11167.521    59527.521    11599.582
 70  WAG+F+I+G4    5483.365     174 11314.730    72214.730    11799.754
 92  JTT+I+G4      5399.551     155 11109.102    59469.102    11541.164
114  JTT+F+I+G4    5444.369     174 11236.738    72136.738    11721.761
136  Q.PFAM+I+G4   5395.298     155 11100.597    59460.597    11532.658
158  Q.PFAM+F+I+G4 5435.850     174 11219.701    72119.701    11704.724
180  Q.BIRD+I+G4   5504.688     155 11319.377    59679.377    11751.438
202  Q.BIRD+F+I+G4 5551.650     174 11451.301    72351.301    11936.325
224  Q.MAMMAL+I+G4 5462.743     155 11235.486    59595.486    11667.548
246  Q.MAMMAL+F+I+G4 5517.767     174 11383.533    72283.533    11868.557
268  Q.INSECT+I+G4 5352.395     155 11014.789    59374.789    11446.851
290  Q.INSECT+F+I+G4 5394.678     174 11137.355    72037.355    11622.379
312  Q.PLANT+I+G4  5393.527     155 11097.053    59457.053    11529.114
334  Q.PLANT+F+I+G4 5450.973     174 11249.945    72149.945    11734.969
356  Q.YEAST+I+G4  5366.167     155 11042.334    59402.334    11474.396
378  Q.YEAST+F+I+G4 5399.422     174 11146.843    72046.843    11631.867
400  JTTDCMUT+I+G4 5398.041     155 11106.082    59466.082    11538.143
422  JTTDCMUT+F+I+G4 5443.531     174 11235.063    72135.063    11720.086
444  DCMUT+I+G4    5417.332     155 11144.664    59504.664    11576.726
466  DCMUT+F+I+G4  5455.633     174 11259.266    72159.266    11744.289
488  VT+I+G4       5445.408     155 11200.815    59560.815    11632.877
510  VT+F+I+G4     5490.186     174 11328.373    72228.373    11813.397
532  PMB+I+G4      5523.618     155 11357.236    59717.236    11789.297
554  PMB+F+I+G4    5566.903     174 11481.806    72381.806    11966.830
576  BLOSUM62+I+G4 5529.961     155 11369.921    59729.921    11801.982
598  BLOSUM62+F+I+G4 5564.243     174 11476.486    72376.486    11961.510
620  DAYHOFF+I+G4  5416.984     155 11143.969    59503.969    11576.030
642  DAYHOFF+F+I+G4 5455.354     174 11258.708    72158.708    11743.731
664  MTREV+I+G4    5713.893     155 11737.786    60097.786    12169.847
686  MTREV+F+I+G4  5555.479     174 11458.957    72358.957    11943.981
708  MTART+I+G4    5737.542     155 11785.084    60145.084    12217.145
730  MTART+F+I+G4  5544.069     174 11436.138    72336.138    11921.162
752  MTZOA+I+G4    5592.999     155 11495.997    59855.997    11928.059
774  MTZOA+F+I+G4  5454.087     174 11256.173    72156.173    11741.197
796  MTMET+I+G4    5653.649     155 11617.299    59977.299    12049.360
818  MTMET+F+I+G4  5479.683     174 11307.366    72207.366    11792.390
840  MTVER+I+G4    5745.372     155 11800.744    60160.744    12232.806
862  MTVER+F+I+G4  5586.361     174 11520.723    72420.723    12005.747
884  MTINV+I+G4    5677.143     155 11664.287    60024.287    12096.348
906  MTINV+F+I+G4  5453.494     174 11254.988    72154.988    11740.012
928  MTMAM+I+G4    5826.530     155 11963.060    60323.060    12395.121
950  MTMAM+F+I+G4  5648.711     174 11645.423    72545.423    12130.446
972  FLAVI+I+G4    5651.635     155 11613.270    59973.270    12045.331
994  FLAVI+F+I+G4  5691.813     174 11731.625    72631.625    12216.649
1016  HIVB+I+G4     5582.621     155 11475.242    59835.242    11907.303
1038  HIVB+F+I+G4   5613.991     174 11575.981    72475.981    12061.005
1060  HIVW+I+G4     5877.453     155 12064.906    60424.906    12496.967
1082  HIVW+F+I+G4   5829.553     174 12007.106    72907.106    12492.129
1104  FLU+I+G4      5556.381     155 11422.763    59782.763    11854.824
1126  FLU+F+I+G4    5598.112     174 11544.224    72444.224    12029.248
1148  RTREV+I+G4    5450.817     155 11211.635    59571.635    11643.696
1170  RTREV+F+I+G4  5460.919     174 11269.839    72169.839    11754.862
1192  CPREV+I+G4    5508.630     155 11327.260    59687.260    11759.321
1214  CPREV+F+I+G4  5554.345     174 11456.690    72356.690    11941.714
Akaike Information Criterion:           Q.INSECT+I+G4
Corrected Akaike Information Criterion: LG+G4
Bayesian Information Criterion:         Q.INSECT+I+G4
Best-fit model: Q.INSECT+I+G4 chosen according to BIC

All model information printed to /lisc/data/scratch/molevo/peyroche/forkhead/FOXABC/results//foxABC_auto_trimal.model.gz
CPU time for ModelFinder: 179.334 seconds (0h:2m:59s)
Wall-clock time for ModelFinder: 64.257 seconds (0h:1m:4s)
Generating 10000 samples for ultrafast bootstrap (seed: 774074)...

NOTE: 11 MB RAM (0 GB) is required!
Estimate model parameters (epsilon = 0.100)
Thoroughly optimizing +I+G parameters from 10 start values...
Init pinv, alpha: 0.000, 0.785 / Estimate: 0.000, 0.557 / LogL: -5359.555
Init pinv, alpha: 0.027, 0.785 / Estimate: 0.157, 0.699 / LogL: -5352.197
Init pinv, alpha: 0.054, 0.785 / Estimate: 0.154, 0.696 / LogL: -5352.209
Init pinv, alpha: 0.081, 0.785 / Estimate: 0.154, 0.696 / LogL: -5352.207
Init pinv, alpha: 0.107, 0.785 / Estimate: 0.154, 0.696 / LogL: -5352.209
Init pinv, alpha: 0.134, 0.785 / Estimate: 0.159, 0.703 / LogL: -5352.190
Init pinv, alpha: 0.161, 0.785 / Estimate: 0.162, 0.707 / LogL: -5352.187
Init pinv, alpha: 0.188, 0.785 / Estimate: 0.166, 0.714 / LogL: -5352.193
Init pinv, alpha: 0.215, 0.785 / Estimate: 0.166, 0.713 / LogL: -5352.190
Init pinv, alpha: 0.242, 0.785 / Estimate: 0.167, 0.714 / LogL: -5352.194
Optimal pinv,alpha: 0.162, 0.707 / LogL: -5352.187

Parameters optimization took 1.160 sec
Wrote distance file to... 
Computing ML distances based on estimated model parameters...
Calculating distance matrix: done in 0.0701782 secs using 401.4% CPU
Computing ML distances took 0.070221 sec (of wall-clock time) 0.281717 sec (of CPU time)
Setting up auxiliary I and S matrices: done in 0.00014717 secs using 213.4% CPU
Constructing RapidNJ tree: done in 0.000271071 secs using 99.24% CPU
Computing RapidNJ tree took 0.000500 sec (of wall-clock time) 0.000685 sec (of CPU time)
Log-likelihood of RapidNJ tree: -5415.172
--------------------------------------------------------------------
|             INITIALIZING CANDIDATE TREE SET                      |
--------------------------------------------------------------------
Generating 98 parsimony trees... 0.441 second
Computing log-likelihood of 98 initial trees ... 0.856 seconds
Current best score: -5352.187

Do NNI search on 20 best initial trees
Optimizing NNI: done in 0.0872137 secs using 390% CPU
Estimate model parameters (epsilon = 0.100)
BETTER TREE FOUND at iteration 1: -5351.947
Optimizing NNI: done in 0.183981 secs using 394.4% CPU
Estimate model parameters (epsilon = 0.100)
BETTER TREE FOUND at iteration 2: -5347.807
Optimizing NNI: done in 0.149472 secs using 396.1% CPU
Estimate model parameters (epsilon = 0.100)
BETTER TREE FOUND at iteration 3: -5346.642
Optimizing NNI: done in 0.229985 secs using 395.9% CPU
Optimizing NNI: done in 0.190609 secs using 394.5% CPU
Optimizing NNI: done in 0.164894 secs using 395.4% CPU
Optimizing NNI: done in 0.184492 secs using 395.1% CPU
Optimizing NNI: done in 0.210212 secs using 394.9% CPU
Optimizing NNI: done in 0.182203 secs using 396.7% CPU
Optimizing NNI: done in 0.24857 secs using 394.2% CPU
Iteration 10 / LogL: -5354.568 / Time: 0h:1m:8s
Optimizing NNI: done in 0.211048 secs using 394.2% CPU
Optimizing NNI: done in 0.219849 secs using 394.2% CPU
Optimizing NNI: done in 0.207157 secs using 395.5% CPU
Optimizing NNI: done in 0.212154 secs using 394.6% CPU
Optimizing NNI: done in 0.171132 secs using 393.4% CPU
Optimizing NNI: done in 0.170995 secs using 394.7% CPU
Optimizing NNI: done in 0.246269 secs using 394.5% CPU
Estimate model parameters (epsilon = 0.100)
BETTER TREE FOUND at iteration 17: -5345.903
Optimizing NNI: done in 0.26633 secs using 394.6% CPU
Optimizing NNI: done in 0.180684 secs using 393.2% CPU
Optimizing NNI: done in 0.220651 secs using 394% CPU
Iteration 20 / LogL: -5352.339 / Time: 0h:1m:10s
Finish initializing candidate tree set (20)
Current best tree score: -5345.903 / CPU time: 5.416
Number of iterations: 20
--------------------------------------------------------------------
|               OPTIMIZING CANDIDATE TREE SET                      |
--------------------------------------------------------------------
Optimizing NNI: done in 0.163791 secs using 393.1% CPU
Optimizing NNI: done in 0.238783 secs using 394% CPU
Optimizing NNI: done in 0.22641 secs using 394.8% CPU
Estimate model parameters (epsilon = 0.100)
BETTER TREE FOUND at iteration 23: -5345.252
Optimizing NNI: done in 0.2528 secs using 394.4% CPU
Optimizing NNI: done in 0.272727 secs using 394.2% CPU
Optimizing NNI: done in 0.278828 secs using 395.3% CPU
Optimizing NNI: done in 0.181108 secs using 393.6% CPU
Optimizing NNI: done in 0.233259 secs using 394.3% CPU
Optimizing NNI: done in 0.258851 secs using 392% CPU
Estimate model parameters (epsilon = 0.100)
BETTER TREE FOUND at iteration 29: -5345.065
Optimizing NNI: done in 0.235681 secs using 394.2% CPU
Estimate model parameters (epsilon = 0.100)
BETTER TREE FOUND at iteration 30: -5343.002
Iteration 30 / LogL: -5343.002 / Time: 0h:1m:13s (0h:0m:32s left)
Optimizing NNI: done in 0.236611 secs using 393.9% CPU
Optimizing NNI: done in 0.261267 secs using 395.1% CPU
Optimizing NNI: done in 0.230329 secs using 394.7% CPU
Optimizing NNI: done in 0.19171 secs using 394% CPU
Optimizing NNI: done in 0.215098 secs using 393.4% CPU
Optimizing NNI: done in 0.249541 secs using 395% CPU
Optimizing NNI: done in 0.216801 secs using 391.4% CPU
Optimizing NNI: done in 0.210358 secs using 393.8% CPU
Estimate model parameters (epsilon = 0.100)
BETTER TREE FOUND at iteration 38: -5341.820
Optimizing NNI: done in 0.253338 secs using 392.6% CPU
Optimizing NNI: done in 0.27738 secs using 396.6% CPU
Iteration 40 / LogL: -5342.343 / Time: 0h:1m:16s (0h:0m:29s left)
Optimizing NNI: done in 0.207364 secs using 393.3% CPU
Optimizing NNI: done in 0.229743 secs using 395.9% CPU
BETTER TREE FOUND at iteration 42: -5341.819
Optimizing NNI: done in 0.244701 secs using 396% CPU
Optimizing NNI: done in 0.241109 secs using 393.8% CPU
Optimizing NNI: done in 0.251387 secs using 394.5% CPU
Optimizing NNI: done in 0.255295 secs using 395.4% CPU
Optimizing NNI: done in 0.220057 secs using 394% CPU
Optimizing NNI: done in 0.197979 secs using 391.8% CPU
Optimizing NNI: done in 0.247489 secs using 395.1% CPU
Optimizing NNI: done in 0.222507 secs using 393.5% CPU
Iteration 50 / LogL: -5341.952 / Time: 0h:1m:18s (0h:0m:26s left)
Log-likelihood cutoff on original alignment: -5395.779
Optimizing NNI: done in 0.226804 secs using 393.8% CPU
Optimizing NNI: done in 0.307691 secs using 393.5% CPU
Optimizing NNI: done in 0.249523 secs using 393.6% CPU
Optimizing NNI: done in 0.215715 secs using 394% CPU
Optimizing NNI: done in 0.270382 secs using 394.4% CPU
Optimizing NNI: done in 0.217806 secs using 394.4% CPU
Optimizing NNI: done in 0.266488 secs using 393.9% CPU
Optimizing NNI: done in 0.232545 secs using 392.8% CPU
Optimizing NNI: done in 0.211213 secs using 394.6% CPU
Optimizing NNI: done in 0.215172 secs using 393.4% CPU
Iteration 60 / LogL: -5344.222 / Time: 0h:1m:22s (0h:0m:25s left)
Optimizing NNI: done in 0.251794 secs using 396.9% CPU
Optimizing NNI: done in 0.199649 secs using 395.9% CPU
Optimizing NNI: done in 0.238752 secs using 394.8% CPU
Optimizing NNI: done in 0.23101 secs using 394.3% CPU
Optimizing NNI: done in 0.219482 secs using 395.8% CPU
Optimizing NNI: done in 0.2662 secs using 394.5% CPU
Optimizing NNI: done in 0.210634 secs using 394.1% CPU
Optimizing NNI: done in 0.19235 secs using 397.2% CPU
Optimizing NNI: done in 0.188264 secs using 393.7% CPU
Optimizing NNI: done in 0.284117 secs using 393.5% CPU
Iteration 70 / LogL: -5342.609 / Time: 0h:1m:24s (0h:0m:21s left)
Optimizing NNI: done in 0.248621 secs using 395.7% CPU
Optimizing NNI: done in 0.211426 secs using 395.3% CPU
Optimizing NNI: done in 0.295224 secs using 394.6% CPU
Optimizing NNI: done in 0.222298 secs using 393% CPU
Optimizing NNI: done in 0.243823 secs using 395.6% CPU
Optimizing NNI: done in 0.254164 secs using 394.9% CPU
Optimizing NNI: done in 0.260164 secs using 393.8% CPU
Optimizing NNI: done in 0.245724 secs using 394.8% CPU
Optimizing NNI: done in 0.235065 secs using 393% CPU
Optimizing NNI: done in 0.245156 secs using 395.2% CPU
Iteration 80 / LogL: -5342.723 / Time: 0h:1m:27s (0h:0m:18s left)
Optimizing NNI: done in 0.191589 secs using 393.3% CPU
Optimizing NNI: done in 0.203879 secs using 394.6% CPU
Optimizing NNI: done in 0.198764 secs using 391.3% CPU
Optimizing NNI: done in 0.26774 secs using 395.2% CPU
Optimizing NNI: done in 0.274387 secs using 395.2% CPU
Optimizing NNI: done in 0.251092 secs using 394.1% CPU
Optimizing NNI: done in 0.211602 secs using 396.9% CPU
Optimizing NNI: done in 0.225925 secs using 394.8% CPU
Optimizing NNI: done in 0.200184 secs using 396% CPU
Optimizing NNI: done in 0.186063 secs using 395.5% CPU
Iteration 90 / LogL: -5342.499 / Time: 0h:1m:29s (0h:0m:14s left)
Optimizing NNI: done in 0.248011 secs using 392.5% CPU
Optimizing NNI: done in 0.222455 secs using 395.8% CPU
Optimizing NNI: done in 0.261574 secs using 394.1% CPU
Optimizing NNI: done in 0.201309 secs using 395.8% CPU
Optimizing NNI: done in 0.186827 secs using 395.9% CPU
Optimizing NNI: done in 0.218399 secs using 395.8% CPU
Optimizing NNI: done in 0.253949 secs using 393.5% CPU
Optimizing NNI: done in 0.234817 secs using 395.4% CPU
Optimizing NNI: done in 0.22764 secs using 392.4% CPU
Optimizing NNI: done in 0.28436 secs using 394.8% CPU
Iteration 100 / LogL: -5342.260 / Time: 0h:1m:32s (0h:0m:11s left)
Log-likelihood cutoff on original alignment: -5395.779
NOTE: Bootstrap correlation coefficient of split occurrence frequencies: 0.998
Optimizing NNI: done in 0.2936 secs using 392.5% CPU
Optimizing NNI: done in 0.190462 secs using 392.9% CPU
Optimizing NNI: done in 0.281535 secs using 395.3% CPU
Optimizing NNI: done in 0.217688 secs using 395.8% CPU
Optimizing NNI: done in 0.250909 secs using 393% CPU
Optimizing NNI: done in 0.254878 secs using 396.2% CPU
Optimizing NNI: done in 0.310351 secs using 394.1% CPU
Optimizing NNI: done in 0.242947 secs using 395.2% CPU
Optimizing NNI: done in 0.278344 secs using 393.3% CPU
Optimizing NNI: done in 0.237613 secs using 394.7% CPU
Iteration 110 / LogL: -5341.921 / Time: 0h:1m:36s (0h:0m:26s left)
Optimizing NNI: done in 0.231907 secs using 394.4% CPU
Optimizing NNI: done in 0.259543 secs using 394.3% CPU
Optimizing NNI: done in 0.234026 secs using 393.8% CPU
Optimizing NNI: done in 0.243245 secs using 394.8% CPU
Optimizing NNI: done in 0.224162 secs using 393.8% CPU
Optimizing NNI: done in 0.280883 secs using 393.9% CPU
Optimizing NNI: done in 0.292688 secs using 395.9% CPU
Optimizing NNI: done in 0.212478 secs using 393.2% CPU
BETTER TREE FOUND at iteration 118: -5341.819
Optimizing NNI: done in 0.221859 secs using 394.5% CPU
Optimizing NNI: done in 0.199523 secs using 396.9% CPU
Iteration 120 / LogL: -5371.049 / Time: 0h:1m:38s (0h:0m:28s left)
Optimizing NNI: done in 0.260879 secs using 393.3% CPU
Optimizing NNI: done in 0.195794 secs using 394% CPU
Optimizing NNI: done in 0.185999 secs using 393.9% CPU
Optimizing NNI: done in 0.261844 secs using 395.3% CPU
Optimizing NNI: done in 0.25307 secs using 394.5% CPU
Optimizing NNI: done in 0.240602 secs using 395.7% CPU
Optimizing NNI: done in 0.274828 secs using 393.4% CPU
Optimizing NNI: done in 0.251779 secs using 396% CPU
Optimizing NNI: done in 0.264881 secs using 394.8% CPU
Optimizing NNI: done in 0.232321 secs using 393.4% CPU
Iteration 130 / LogL: -5341.871 / Time: 0h:1m:41s (0h:0m:25s left)
Optimizing NNI: done in 0.218865 secs using 395.6% CPU
Optimizing NNI: done in 0.20925 secs using 394.9% CPU
Optimizing NNI: done in 0.200699 secs using 392.8% CPU
Optimizing NNI: done in 0.189009 secs using 394.9% CPU
Optimizing NNI: done in 0.238141 secs using 392.8% CPU
UPDATE BEST LOG-LIKELIHOOD: -5341.819
Optimizing NNI: done in 0.173465 secs using 393.4% CPU
Optimizing NNI: done in 0.213518 secs using 394.7% CPU
Optimizing NNI: done in 0.256331 secs using 394.3% CPU
Optimizing NNI: done in 0.226885 secs using 394.4% CPU
Optimizing NNI: done in 0.212987 secs using 395.7% CPU
Iteration 140 / LogL: -5358.071 / Time: 0h:1m:43s (0h:0m:22s left)
Optimizing NNI: done in 0.240571 secs using 394% CPU
Optimizing NNI: done in 0.202975 secs using 394.3% CPU
Optimizing NNI: done in 0.256649 secs using 393.4% CPU
Optimizing NNI: done in 0.232951 secs using 395.6% CPU
Optimizing NNI: done in 0.233995 secs using 394.7% CPU
Optimizing NNI: done in 0.241723 secs using 395.9% CPU
Optimizing NNI: done in 0.22109 secs using 394.5% CPU
Optimizing NNI: done in 0.242726 secs using 394.4% CPU
Optimizing NNI: done in 0.213574 secs using 395.4% CPU
Optimizing NNI: done in 0.219902 secs using 394.7% CPU
Iteration 150 / LogL: -5342.448 / Time: 0h:1m:46s (0h:0m:19s left)
Log-likelihood cutoff on original alignment: -5395.779
Optimizing NNI: done in 0.233388 secs using 392.5% CPU
Optimizing NNI: done in 0.242999 secs using 394.3% CPU
Optimizing NNI: done in 0.252381 secs using 393.2% CPU
Optimizing NNI: done in 0.210194 secs using 395.1% CPU
Optimizing NNI: done in 0.273112 secs using 393.4% CPU
Optimizing NNI: done in 0.296447 secs using 393.8% CPU
Optimizing NNI: done in 0.258732 secs using 395% CPU
Optimizing NNI: done in 0.215377 secs using 396% CPU
Optimizing NNI: done in 0.226327 secs using 395.2% CPU
Optimizing NNI: done in 0.259274 secs using 393.7% CPU
Iteration 160 / LogL: -5342.406 / Time: 0h:1m:50s (0h:0m:16s left)
Optimizing NNI: done in 0.240152 secs using 395.4% CPU
Optimizing NNI: done in 0.198608 secs using 395.4% CPU
Optimizing NNI: done in 0.284573 secs using 394.7% CPU
Optimizing NNI: done in 0.201272 secs using 394.5% CPU
Optimizing NNI: done in 0.227435 secs using 393.6% CPU
Optimizing NNI: done in 0.259681 secs using 396.2% CPU
Optimizing NNI: done in 0.220756 secs using 394.9% CPU
Optimizing NNI: done in 0.174645 secs using 396.7% CPU
Optimizing NNI: done in 0.240724 secs using 392.7% CPU
Optimizing NNI: done in 0.211875 secs using 395.6% CPU
Iteration 170 / LogL: -5342.449 / Time: 0h:1m:52s (0h:0m:13s left)
Optimizing NNI: done in 0.255024 secs using 394.6% CPU
Optimizing NNI: done in 0.261159 secs using 394.7% CPU
Optimizing NNI: done in 0.222714 secs using 393.8% CPU
Optimizing NNI: done in 0.264883 secs using 393.8% CPU
Optimizing NNI: done in 0.230654 secs using 394.8% CPU
Optimizing NNI: done in 0.246957 secs using 392.7% CPU
Optimizing NNI: done in 0.252001 secs using 391.9% CPU
Optimizing NNI: done in 0.204224 secs using 396.5% CPU
Optimizing NNI: done in 0.254125 secs using 394.1% CPU
Optimizing NNI: done in 0.291718 secs using 396.4% CPU
Iteration 180 / LogL: -5343.637 / Time: 0h:1m:55s (0h:0m:10s left)
Optimizing NNI: done in 0.240752 secs using 393.7% CPU
Optimizing NNI: done in 0.22734 secs using 395.3% CPU
Optimizing NNI: done in 0.22083 secs using 392.3% CPU
Optimizing NNI: done in 0.246816 secs using 395.8% CPU
Optimizing NNI: done in 0.140932 secs using 394.5% CPU
Optimizing NNI: done in 0.289884 secs using 395.1% CPU
Optimizing NNI: done in 0.193026 secs using 397.8% CPU
Optimizing NNI: done in 0.236155 secs using 396% CPU
Optimizing NNI: done in 0.221559 secs using 392.9% CPU
Optimizing NNI: done in 0.326558 secs using 395% CPU
Iteration 190 / LogL: -5361.812 / Time: 0h:1m:57s (0h:0m:7s left)
Optimizing NNI: done in 0.301791 secs using 395.2% CPU
Optimizing NNI: done in 0.28197 secs using 394.4% CPU
Optimizing NNI: done in 0.282045 secs using 395.1% CPU
Optimizing NNI: done in 0.250247 secs using 394.8% CPU
Optimizing NNI: done in 0.19722 secs using 395.5% CPU
Optimizing NNI: done in 0.261911 secs using 394.9% CPU
Optimizing NNI: done in 0.183056 secs using 396.2% CPU
Optimizing NNI: done in 0.262776 secs using 394.8% CPU
Optimizing NNI: done in 0.209866 secs using 393.8% CPU
Optimizing NNI: done in 0.253061 secs using 395.1% CPU
Iteration 200 / LogL: -5341.972 / Time: 0h:2m:0s (0h:0m:5s left)
Log-likelihood cutoff on original alignment: -5395.779
NOTE: Bootstrap correlation coefficient of split occurrence frequencies: 0.999
Optimizing NNI: done in 0.239341 secs using 392.1% CPU
Optimizing NNI: done in 0.207359 secs using 394.2% CPU
Optimizing NNI: done in 0.198533 secs using 395.1% CPU
Optimizing NNI: done in 0.233748 secs using 394.4% CPU
Optimizing NNI: done in 0.268987 secs using 395% CPU
Optimizing NNI: done in 0.193808 secs using 396.6% CPU
Optimizing NNI: done in 0.191896 secs using 395.4% CPU
Optimizing NNI: done in 0.196114 secs using 395.3% CPU
Optimizing NNI: done in 0.216507 secs using 394.9% CPU
Optimizing NNI: done in 0.243769 secs using 395.7% CPU
Iteration 210 / LogL: -5341.819 / Time: 0h:2m:3s (0h:0m:25s left)
Optimizing NNI: done in 0.192053 secs using 396.8% CPU
Optimizing NNI: done in 0.23323 secs using 394.6% CPU
Optimizing NNI: done in 0.179594 secs using 393.1% CPU
Optimizing NNI: done in 0.211989 secs using 394.1% CPU
Optimizing NNI: done in 0.218705 secs using 393.7% CPU
Optimizing NNI: done in 0.214916 secs using 393.4% CPU
Optimizing NNI: done in 0.212469 secs using 395.3% CPU
Optimizing NNI: done in 0.225184 secs using 393.6% CPU
Optimizing NNI: done in 0.233731 secs using 396.4% CPU
TREE SEARCH COMPLETED AFTER 219 ITERATIONS / Time: 0h:2m:6s

--------------------------------------------------------------------
|                    FINALIZING TREE SEARCH                        |
--------------------------------------------------------------------
Performs final model parameters optimization
Estimate model parameters (epsilon = 0.010)
1. Initial log-likelihood: -5341.819
Optimal log-likelihood: -5341.816
Proportion of invariable sites: 0.164
Gamma shape alpha: 0.718
Parameters optimization took 1 rounds (0.024 sec)
BEST SCORE FOUND : -5341.816

Testing tree branches by SH-like aLRT with 10000 replicates...
0.352 sec.
Creating bootstrap support values...
Split supports printed to NEXUS file /lisc/data/scratch/molevo/peyroche/forkhead/FOXABC/results//foxABC_auto_trimal.splits.nex
Total tree length: 15.189

Total number of iterations: 219
CPU time used for tree search: 216.406 sec (0h:3m:36s)
Wall-clock time used for tree search: 60.515 sec (0h:1m:0s)
Total CPU time used: 403.579 sec (0h:6m:43s)
Total wall-clock time used: 127.646 sec (0h:2m:7s)

Computing bootstrap consensus tree...
Reading input file /lisc/data/scratch/molevo/peyroche/forkhead/FOXABC/results//foxABC_auto_trimal.splits.nex...
78 taxa and 809 splits.
Consensus tree written to /lisc/data/scratch/molevo/peyroche/forkhead/FOXABC/results//foxABC_auto_trimal.contree
Reading input trees file /lisc/data/scratch/molevo/peyroche/forkhead/FOXABC/results//foxABC_auto_trimal.contree
Log-likelihood of consensus tree: -5341.823

Analysis results written to: 
  IQ-TREE report:                /lisc/data/scratch/molevo/peyroche/forkhead/FOXABC/results//foxABC_auto_trimal.iqtree
  Maximum-likelihood tree:       /lisc/data/scratch/molevo/peyroche/forkhead/FOXABC/results//foxABC_auto_trimal.treefile
  Likelihood distances:          /lisc/data/scratch/molevo/peyroche/forkhead/FOXABC/results//foxABC_auto_trimal.mldist

Ultrafast bootstrap approximation results written to:
  Split support values:          /lisc/data/scratch/molevo/peyroche/forkhead/FOXABC/results//foxABC_auto_trimal.splits.nex
  Consensus tree:                /lisc/data/scratch/molevo/peyroche/forkhead/FOXABC/results//foxABC_auto_trimal.contree
  Screen log file:               /lisc/data/scratch/molevo/peyroche/forkhead/FOXABC/results//foxABC_auto_trimal.log

Date and Time: Fri Jun 26 15:51:20 2026
